../Core/Src/main.c:137:5:main	8	static
../Core/Src/main.c:236:6:SystemClock_Config	88	static
../Core/Src/main.c:279:13:MX_ADC1_Init	24	static
../Core/Src/main.c:328:13:MX_CRC_Init	8	static
../Core/Src/main.c:352:13:MX_SPI1_Init	8	static
../Core/Src/main.c:388:13:MX_TIM2_Init	32	static
../Core/Src/main.c:430:13:MX_TIM3_Init	48	static
../Core/Src/main.c:477:13:MX_TIM4_Init	56	static
../Core/Src/main.c:522:13:MX_DMA_Init	16	static
../Core/Src/main.c:539:13:MX_GPIO_Init	40	static
../Core/Src/main.c:566:6:printTime	40	static
../Core/Src/main.c:602:6:StartDisplayTask	48	static
../Core/Src/main.c:670:6:StartMotorTask	16	static
../Core/Src/main.c:695:6:StartADCTask	16	static
../Core/Src/main.c:723:6:StartUSB	16	static
../Core/Src/main.c:744:6:HAL_TIM_PeriodElapsedCallback	16	static
../Core/Src/main.c:760:6:Error_Handler	4	static,ignoring_inline_asm
