Archive member included to satisfy reference by file (symbol)

c:/st/stm32cubeide_1.12.1/stm32cubeide/plugins/com.st.stm32cube.ide.mcu.externaltools.gnu-tools-for-stm32.10.3-2021.10.win32_1.0.200.202301161003/tools/bin/../lib/gcc/arm-none-eabi/10.3.1/../../../../arm-none-eabi/lib/thumb/v7e-m+fp/hard\libc_nano.a(lib_a-errno.o)
                              ./Core/Src/sysmem.o (__errno)
c:/st/stm32cubeide_1.12.1/stm32cubeide/plugins/com.st.stm32cube.ide.mcu.externaltools.gnu-tools-for-stm32.10.3-2021.10.win32_1.0.200.202301161003/tools/bin/../lib/gcc/arm-none-eabi/10.3.1/../../../../arm-none-eabi/lib/thumb/v7e-m+fp/hard\libc_nano.a(lib_a-exit.o)
                              c:/st/stm32cubeide_1.12.1/stm32cubeide/plugins/com.st.stm32cube.ide.mcu.externaltools.gnu-tools-for-stm32.10.3-2021.10.win32_1.0.200.202301161003/tools/bin/../lib/gcc/arm-none-eabi/10.3.1/../../../../arm-none-eabi/lib/thumb/v7e-m+fp/hard/crt0.o (exit)
c:/st/stm32cubeide_1.12.1/stm32cubeide/plugins/com.st.stm32cube.ide.mcu.externaltools.gnu-tools-for-stm32.10.3-2021.10.win32_1.0.200.202301161003/tools/bin/../lib/gcc/arm-none-eabi/10.3.1/../../../../arm-none-eabi/lib/thumb/v7e-m+fp/hard\libc_nano.a(lib_a-findfp.o)
                              ./Middlewares/Third_Party/FreeRTOS/Source/tasks.o (__sf_fake_stderr)
c:/st/stm32cubeide_1.12.1/stm32cubeide/plugins/com.st.stm32cube.ide.mcu.externaltools.gnu-tools-for-stm32.10.3-2021.10.win32_1.0.200.202301161003/tools/bin/../lib/gcc/arm-none-eabi/10.3.1/../../../../arm-none-eabi/lib/thumb/v7e-m+fp/hard\libc_nano.a(lib_a-fwalk.o)
                              c:/st/stm32cubeide_1.12.1/stm32cubeide/plugins/com.st.stm32cube.ide.mcu.externaltools.gnu-tools-for-stm32.10.3-2021.10.win32_1.0.200.202301161003/tools/bin/../lib/gcc/arm-none-eabi/10.3.1/../../../../arm-none-eabi/lib/thumb/v7e-m+fp/hard\libc_nano.a(lib_a-findfp.o) (_fwalk)
c:/st/stm32cubeide_1.12.1/stm32cubeide/plugins/com.st.stm32cube.ide.mcu.externaltools.gnu-tools-for-stm32.10.3-2021.10.win32_1.0.200.202301161003/tools/bin/../lib/gcc/arm-none-eabi/10.3.1/../../../../arm-none-eabi/lib/thumb/v7e-m+fp/hard\libc_nano.a(lib_a-impure.o)
                              c:/st/stm32cubeide_1.12.1/stm32cubeide/plugins/com.st.stm32cube.ide.mcu.externaltools.gnu-tools-for-stm32.10.3-2021.10.win32_1.0.200.202301161003/tools/bin/../lib/gcc/arm-none-eabi/10.3.1/../../../../arm-none-eabi/lib/thumb/v7e-m+fp/hard\libc_nano.a(lib_a-exit.o) (_global_impure_ptr)
c:/st/stm32cubeide_1.12.1/stm32cubeide/plugins/com.st.stm32cube.ide.mcu.externaltools.gnu-tools-for-stm32.10.3-2021.10.win32_1.0.200.202301161003/tools/bin/../lib/gcc/arm-none-eabi/10.3.1/../../../../arm-none-eabi/lib/thumb/v7e-m+fp/hard\libc_nano.a(lib_a-init.o)
                              c:/st/stm32cubeide_1.12.1/stm32cubeide/plugins/com.st.stm32cube.ide.mcu.externaltools.gnu-tools-for-stm32.10.3-2021.10.win32_1.0.200.202301161003/tools/bin/../lib/gcc/arm-none-eabi/10.3.1/../../../../arm-none-eabi/lib/thumb/v7e-m+fp/hard/crt0.o (__libc_init_array)
c:/st/stm32cubeide_1.12.1/stm32cubeide/plugins/com.st.stm32cube.ide.mcu.externaltools.gnu-tools-for-stm32.10.3-2021.10.win32_1.0.200.202301161003/tools/bin/../lib/gcc/arm-none-eabi/10.3.1/../../../../arm-none-eabi/lib/thumb/v7e-m+fp/hard\libc_nano.a(lib_a-lock.o)
                              c:/st/stm32cubeide_1.12.1/stm32cubeide/plugins/com.st.stm32cube.ide.mcu.externaltools.gnu-tools-for-stm32.10.3-2021.10.win32_1.0.200.202301161003/tools/bin/../lib/gcc/arm-none-eabi/10.3.1/../../../../arm-none-eabi/lib/thumb/v7e-m+fp/hard\libc_nano.a(lib_a-findfp.o) (__retarget_lock_init_recursive)
c:/st/stm32cubeide_1.12.1/stm32cubeide/plugins/com.st.stm32cube.ide.mcu.externaltools.gnu-tools-for-stm32.10.3-2021.10.win32_1.0.200.202301161003/tools/bin/../lib/gcc/arm-none-eabi/10.3.1/../../../../arm-none-eabi/lib/thumb/v7e-m+fp/hard\libc_nano.a(lib_a-memcpy-stub.o)
                              ./Middlewares/Third_Party/FreeRTOS/Source/CMSIS_RTOS_V2/cmsis_os2.o (memcpy)
c:/st/stm32cubeide_1.12.1/stm32cubeide/plugins/com.st.stm32cube.ide.mcu.externaltools.gnu-tools-for-stm32.10.3-2021.10.win32_1.0.200.202301161003/tools/bin/../lib/gcc/arm-none-eabi/10.3.1/../../../../arm-none-eabi/lib/thumb/v7e-m+fp/hard\libc_nano.a(lib_a-memset.o)
                              c:/st/stm32cubeide_1.12.1/stm32cubeide/plugins/com.st.stm32cube.ide.mcu.externaltools.gnu-tools-for-stm32.10.3-2021.10.win32_1.0.200.202301161003/tools/bin/../lib/gcc/arm-none-eabi/10.3.1/../../../../arm-none-eabi/lib/thumb/v7e-m+fp/hard/crt0.o (memset)
c:/st/stm32cubeide_1.12.1/stm32cubeide/plugins/com.st.stm32cube.ide.mcu.externaltools.gnu-tools-for-stm32.10.3-2021.10.win32_1.0.200.202301161003/tools/bin/../lib/gcc/arm-none-eabi/10.3.1/../../../../arm-none-eabi/lib/thumb/v7e-m+fp/hard\libc_nano.a(lib_a-nano-mallocr.o)
[...]
Memory Configuration

Name             Origin             Length             Attributes
RAM              0x0000000020000000 0x0000000000020000 xrw
FLASH            0x0000000008000000 0x0000000000080000 xr
*default*        0x0000000000000000 0xffffffffffffffff

Linker script and memory map

LOAD c:/st/stm32cubeide_1.12.1/stm32cubeide/plugins/com.st.stm32cube.ide.mcu.externaltools.gnu-tools-for-stm32.10.3-2021.10.win32_1.0.200.202301161003/tools/bin/../lib/gcc/arm-none-eabi/10.3.1/thumb/v7e-m+fp/hard/crti.o
LOAD c:/st/stm32cubeide_1.12.1/stm32cubeide/plugins/com.st.stm32cube.ide.mcu.externaltools.gnu-tools-for-stm32.10.3-2021.10.win32_1.0.200.202301161003/tools/bin/../lib/gcc/arm-none-eabi/10.3.1/thumb/v7e-m+fp/hard/crtbegin.o
LOAD c:/st/stm32cubeide_1.12.1/stm32cubeide/plugins/com.st.stm32cube.ide.mcu.externaltools.gnu-tools-for-stm32.10.3-2021.10.win32_1.0.200.202301161003/tools/bin/../lib/gcc/arm-none-eabi/10.3.1/../../../../arm-none-eabi/lib/thumb/v7e-m+fp/hard/crt0.o
LOAD ./Core/Src/fonts.o
LOAD ./Core/Src/freertos.o
LOAD ./Core/Src/main.o
LOAD ./Core/Src/st7789.o
LOAD ./Core/Src/stm32f4xx_hal_msp.o
LOAD ./Core/Src/stm32f4xx_hal_timebase_tim.o
LOAD ./Core/Src/stm32f4xx_it.o
LOAD ./Core/Src/sysmem.o
LOAD ./Core/Src/system_stm32f4xx.o
LOAD ./Core/Startup/startup_stm32f411ceux.o
LOAD ./Drivers/STM32F4xx_HAL_Driver/Src/stm32f4xx_hal.o
LOAD ./Drivers/STM32F4xx_HAL_Driver/Src/stm32f4xx_hal_adc.o
LOAD ./Drivers/STM32F4xx_HAL_Driver/Src/stm32f4xx_hal_adc_ex.o
LOAD ./Drivers/STM32F4xx_HAL_Driver/Src/stm32f4xx_hal_cortex.o
LOAD ./Drivers/STM32F4xx_HAL_Driver/Src/stm32f4xx_hal_crc.o
LOAD ./Drivers/STM32F4xx_HAL_Driver/Src/stm32f4xx_hal_dma.o
LOAD ./Drivers/STM32F4xx_HAL_Driver/Src/stm32f4xx_hal_dma_ex.o
LOAD ./Drivers/STM32F4xx_HAL_Driver/Src/stm32f4xx_hal_exti.o
LOAD ./Drivers/STM32F4xx_HAL_Driver/Src/stm32f4xx_hal_flash.o
LOAD ./Drivers/STM32F4xx_HAL_Driver/Src/stm32f4xx_hal_flash_ex.o
LOAD ./Drivers/STM32F4xx_HAL_Driver/Src/stm32f4xx_hal_flash_ramfunc.o
LOAD ./Drivers/STM32F4xx_HAL_Driver/Src/stm32f4xx_hal_gpio.o
LOAD ./Drivers/STM32F4xx_HAL_Driver/Src/stm32f4xx_hal_pcd.o
LOAD ./Drivers/STM32F4xx_HAL_Driver/Src/stm32f4xx_hal_pcd_ex.o
LOAD ./Drivers/STM32F4xx_HAL_Driver/Src/stm32f4xx_hal_pwr.o
LOAD ./Drivers/STM32F4xx_HAL_Driver/Src/stm32f4xx_hal_pwr_ex.o
LOAD ./Drivers/STM32F4xx_HAL_Driver/Src/stm32f4xx_hal_rcc.o
LOAD ./Drivers/STM32F4xx_HAL_Driver/Src/stm32f4xx_hal_rcc_ex.o
LOAD ./Drivers/STM32F4xx_HAL_Driver/Src/stm32f4xx_hal_spi.o
LOAD ./Drivers/STM32F4xx_HAL_Driver/Src/stm32f4xx_hal_tim.o
LOAD ./Drivers/STM32F4xx_HAL_Driver/Src/stm32f4xx_hal_tim_ex.o
LOAD ./Drivers/STM32F4xx_HAL_Driver/Src/stm32f4xx_ll_adc.o
LOAD ./Drivers/STM32F4xx_HAL_Driver/Src/stm32f4xx_ll_usb.o
LOAD ./Middlewares/ST/STM32_USB_Device_Library/Class/CDC/Src/usbd_cdc.o
LOAD ./Middlewares/ST/STM32_USB_Device_Library/Core/Src/usbd_core.o
LOAD ./Middlewares/ST/STM32_USB_Device_Library/Core/Src/usbd_ctlreq.o
LOAD ./Middlewares/ST/STM32_USB_Device_Library/Core/Src/usbd_ioreq.o
LOAD ./Middlewares/Third_Party/FreeRTOS/Source/CMSIS_RTOS_V2/cmsis_os2.o
LOAD ./Middlewares/Third_Party/FreeRTOS/Source/croutine.o
LOAD ./Middlewares/Third_Party/FreeRTOS/Source/event_groups.o
LOAD ./Middlewares/Third_Party/FreeRTOS/Source/list.o
LOAD ./Middlewares/Third_Party/FreeRTOS/Source/queue.o
LOAD ./Middlewares/Third_Party/FreeRTOS/Source/stream_buffer.o
LOAD ./Middlewares/Third_Party/FreeRTOS/Source/tasks.o
LOAD ./Middlewares/Third_Party/FreeRTOS/Source/timers.o
LOAD ./Middlewares/Third_Party/FreeRTOS/Source/portable/GCC/ARM_CM4F/port.o
LOAD ./Middlewares/Third_Party/FreeRTOS/Source/portable/MemMang/heap_4.o
LOAD ./USB_DEVICE/App/usb_device.o
LOAD ./USB_DEVICE/App/usbd_cdc_if.o
LOAD ./USB_DEVICE/App/usbd_desc.o
LOAD ./USB_DEVICE/Target/usbd_conf.o
START GROUP
LOAD c:/st/stm32cubeide_1.12.1/stm32cubeide/plugins/com.st.stm32cube.ide.mcu.externaltools.gnu-tools-for-stm32.10.3-2021.10.win32_1.0.200.202301161003/tools/bin/../lib/gcc/arm-none-eabi/10.3.1/../../../../arm-none-eabi/lib/thumb/v7e-m+fp/hard\libstdc++_nano.a
LOAD c:/st/stm32cubeide_1.12.1/stm32cubeide/plugins/com.st.stm32cube.ide.mcu.externaltools.gnu-tools-for-stm32.10.3-2021.10.win32_1.0.200.202301161003/tools/bin/../lib/gcc/arm-none-eabi/10.3.1/../../../../arm-none-eabi/lib/thumb/v7e-m+fp/hard\libsupc++_nano.a
END GROUP
LOAD c:/st/stm32cubeide_1.12.1/stm32cubeide/plugins/com.st.stm32cube.ide.mcu.externaltools.gnu-tools-for-stm32.10.3-2021.10.win32_1.0.200.202301161003/tools/bin/../lib/gcc/arm-none-eabi/10.3.1/../../../../arm-none-eabi/lib/thumb/v7e-m+fp/hard\libstdc++_nano.a
LOAD c:/st/stm32cubeide_1.12.1/stm32cubeide/plugins/com.st.stm32cube.ide.mcu.externaltools.gnu-tools-for-stm32.10.3-2021.10.win32_1.0.200.202301161003/tools/bin/../lib/gcc/arm-none-eabi/10.3.1/../../../../arm-none-eabi/lib/thumb/v7e-m+fp/hard\libm.a
LOAD c:/st/stm32cubeide_1.12.1/stm32cubeide/plugins/com.st.stm32cube.ide.mcu.externaltools.gnu-tools-for-stm32.10.3-2021.10.win32_1.0.200.202301161003/tools/bin/../lib/gcc/arm-none-eabi/10.3.1/../../../../arm-none-eabi/lib/thumb/v7e-m+fp/hard\libc_nano.a
START GROUP
LOAD c:/st/stm32cubeide_1.12.1/stm32cubeide/plugins/com.st.stm32cube.ide.mcu.externaltools.gnu-tools-for-stm32.10.3-2021.10.win32_1.0.200.202301161003/tools/bin/../lib/gcc/arm-none-eabi/10.3.1/thumb/v7e-m+fp/hard\libgcc.a
LOAD c:/st/stm32cubeide_1.12.1/stm32cubeide/plugins/com.st.stm32cube.ide.mcu.externaltools.gnu-tools-for-stm32.10.3-2021.10.win32_1.0.200.202301161003/tools/bin/../lib/gcc/arm-none-eabi/10.3.1/../../../../arm-none-eabi/lib/thumb/v7e-m+fp/hard\libc_nano.a
END GROUP
START GROUP
LOAD c:/st/stm32cubeide_1.12.1/stm32cubeide/plugins/com.st.stm32cube.ide.mcu.externaltools.gnu-tools-for-stm32.10.3-2021.10.win32_1.0.200.202301161003/tools/bin/../lib/gcc/arm-none-eabi/10.3.1/thumb/v7e-m+fp/hard\libgcc.a
LOAD c:/st/stm32cubeide_1.12.1/stm32cubeide/plugins/com.st.stm32cube.ide.mcu.externaltools.gnu-tools-for-stm32.10.3-2021.10.win32_1.0.200.202301161003/tools/bin/../lib/gcc/arm-none-eabi/10.3.1/../../../../arm-none-eabi/lib/thumb/v7e-m+fp/hard\libc_nano.a
LOAD c:/st/stm32cubeide_1.12.1/stm32cubeide/plugins/com.st.stm32cube.ide.mcu.externaltools.gnu-tools-for-stm32.10.3-2021.10.win32_1.0.200.202301161003/tools/bin/../lib/gcc/arm-none-eabi/10.3.1/../../../../arm-none-eabi/lib/thumb/v7e-m+fp/hard\libnosys.a
END GROUP
START GROUP
LOAD c:/st/stm32cubeide_1.12.1/stm32cubeide/plugins/com.st.stm32cube.ide.mcu.externaltools.gnu-tools-for-stm32.10.3-2021.10.win32_1.0.200.202301161003/tools/bin/../lib/gcc/arm-none-eabi/10.3.1/thumb/v7e-m+fp/hard\libgcc.a
LOAD c:/st/stm32cubeide_1.12.1/stm32cubeide/plugins/com.st.stm32cube.ide.mcu.externaltools.gnu-tools-for-stm32.10.3-2021.10.win32_1.0.200.202301161003/tools/bin/../lib/gcc/arm-none-eabi/10.3.1/../../../../arm-none-eabi/lib/thumb/v7e-m+fp/hard\libc_nano.a
LOAD c:/st/stm32cubeide_1.12.1/stm32cubeide/plugins/com.st.stm32cube.ide.mcu.externaltools.gnu-tools-for-stm32.10.3-2021.10.win32_1.0.200.202301161003/tools/bin/../lib/gcc/arm-none-eabi/10.3.1/../../../../arm-none-eabi/lib/thumb/v7e-m+fp/hard\libnosys.a
END GROUP
LOAD c:/st/stm32cubeide_1.12.1/stm32cubeide/plugins/com.st.stm32cube.ide.mcu.externaltools.gnu-tools-for-stm32.10.3-2021.10.win32_1.0.200.202301161003/tools/bin/../lib/gcc/arm-none-eabi/10.3.1/thumb/v7e-m+fp/hard/crtend.o
LOAD c:/st/stm32cubeide_1.12.1/stm32cubeide/plugins/com.st.stm32cube.ide.mcu.externaltools.gnu-tools-for-stm32.10.3-2021.10.win32_1.0.200.202301161003/tools/bin/../lib/gcc/arm-none-eabi/10.3.1/thumb/v7e-m+fp/hard/crtn.o
                0x0000000020020000                _estack = (ORIGIN (RAM) + LENGTH (RAM))
                0x0000000000000800                _Min_Heap_Size = 0x800
                0x0000000000000800                _Min_Stack_Size = 0x800

.isr_vector     0x0000000008000000      0x198
                0x0000000008000000                . = ALIGN (0x4)
 *(.isr_vector)
 .isr_vector    0x0000000008000000      0x198 ./Core/Startup/startup_stm32f411ceux.o
                0x0000000008000000                g_pfnVectors
                0x0000000008000198                . = ALIGN (0x4)

.text           0x00000000080001a0     0xe4a4
                0x00000000080001a0                . = ALIGN (0x4)
 *(.text)
 .text          0x00000000080001a0       0x40 c:/st/stm32cubeide_1.12.1/stm32cubeide/plugins/com.st.stm32cube.ide.mcu.externaltools.gnu-tools-for-stm32.10.3-2021.10.win32_1.0.200.202301161003/tools/bin/../lib/gcc/arm-none-eabi/10.3.1/thumb/v7e-m+fp/hard/crtbegin.o
 .text          0x00000000080001e0       0x10 c:/st/stm32cubeide_1.12.1/stm32cubeide/plugins/com.st.stm32cube.ide.mcu.externaltools.gnu-tools-for-stm32.10.3-2021.10.win32_1.0.200.202301161003/tools/bin/../lib/gcc/arm-none-eabi/10.3.1/../../../../arm-none-eabi/lib/thumb/v7e-m+fp/hard\libc_nano.a(lib_a-strlen.o)
                0x00000000080001e0                strlen
 .text          0x00000000080001f0       0xa0 c:/st/stm32cubeide_1.12.1/stm32cubeide/plugins/com.st.stm32cube.ide.mcu.externaltools.gnu-tools-for-stm32.10.3-2021.10.win32_1.0.200.202301161003/tools/bin/../lib/gcc/arm-none-eabi/10.3.1/../../../../arm-none-eabi/lib/thumb/v7e-m+fp/hard\libc_nano.a(lib_a-memchr.o)
                0x00000000080001f0                memchr
 .text          0x0000000008000290       0x30 c:/st/stm32cubeide_1.12.1/stm32cubeide/plugins/com.st.stm32cube.ide.mcu.externaltools.gnu-tools-for-stm32.10.3-2021.10.win32_1.0.200.202301161003/tools/bin/../lib/gcc/arm-none-eabi/10.3.1/thumb/v7e-m+fp/hard\libgcc.a(_aeabi_uldivmod.o)
                0x0000000008000290                __aeabi_uldivmod
 .text          0x00000000080002c0      0x2d0 c:/st/stm32cubeide_1.12.1/stm32cubeide/plugins/com.st.stm32cube.ide.mcu.externaltools.gnu-tools-for-stm32.10.3-2021.10.win32_1.0.200.202301161003/tools/bin/../lib/gcc/arm-none-eabi/10.3.1/thumb/v7e-m+fp/hard\libgcc.a(_udivmoddi4.o)
                0x00000000080002c0                __udivmoddi4
 .text          0x0000000008000590        0x4 c:/st/stm32cubeide_1.12.1/stm32cubeide/plugins/com.st.stm32cube.ide.mcu.externaltools.gnu-tools-for-stm32.10.3-2021.10.win32_1.0.200.202301161003/tools/bin/../lib/gcc/arm-none-eabi/10.3.1/thumb/v7e-m+fp/hard\libgcc.a(_dvmd_tls.o)
                0x0000000008000590                __aeabi_idiv0
                0x0000000008000590                __aeabi_ldiv0
 *(.text*)
 .text.main     0x0000000008000594       0xc4 ./Core/Src/main.o
                0x0000000008000594                main
 .text.SystemClock_Config
                0x0000000008000658       0xd0 ./Core/Src/main.o
                0x0000000008000658                SystemClock_Config
 .text.MX_ADC1_Init
                0x0000000008000728       0xa4 ./Core/Src/main.o
 .text.MX_CRC_Init
                0x00000000080007cc       0x28 ./Core/Src/main.o
 .text.MX_SPI1_Init
                0x00000000080007f4       0x6c ./Core/Src/main.o
 .text.MX_TIM2_Init
                0x0000000008000860       0x98 ./Core/Src/main.o
 .text.MX_TIM3_Init
                0x00000000080008f8       0xb4 ./Core/Src/main.o
 .text.MX_TIM4_Init
                0x00000000080009ac       0xa8 ./Core/Src/main.o
 .text.MX_DMA_Init
                0x0000000008000a54       0x40 ./Core/Src/main.o
 .text.MX_GPIO_Init
                0x0000000008000a94       0xa0 ./Core/Src/main.o
 .text.printTime
                0x0000000008000b34      0x148 ./Core/Src/main.o
                0x0000000008000b34                printTime
 .text.StartDisplayTask
                0x0000000008000c7c      0x1f4 ./Core/Src/main.o
                0x0000000008000c7c                StartDisplayTask
 .text.StartMotorTask
                0x0000000008000e70       0x60 ./Core/Src/main.o
                0x0000000008000e70                StartMotorTask
 .text.StartADCTask
                0x0000000008000ed0       0x78 ./Core/Src/main.o
                0x0000000008000ed0                StartADCTask
 .text.StartUSB
                0x0000000008000f48       0x48 ./Core/Src/main.o
                0x0000000008000f48                StartUSB
 .text.HAL_TIM_PeriodElapsedCallback
                0x0000000008000f90       0x24 ./Core/Src/main.o
                0x0000000008000f90                HAL_TIM_PeriodElapsedCallback
 .text.Error_Handler
                0x0000000008000fb4        0xa ./Core/Src/main.o
                0x0000000008000fb4                Error_Handler
 *fill*         0x0000000008000fbe        0x2 
 .text.ST7789_Init
                0x0000000008000fc0       0x3c ./Core/Src/st7789.o
                0x0000000008000fc0                ST7789_Init
 .text.ST7789_Select
                0x0000000008000ffc       0x18 ./Core/Src/st7789.o
                0x0000000008000ffc                ST7789_Select
 .text.ST7789_Unselect
                0x0000000008001014       0x18 ./Core/Src/st7789.o
                0x0000000008001014                ST7789_Unselect
 .text.ST7789_ExecuteCommandList
                0x000000000800102c       0x92 ./Core/Src/st7789.o
                0x000000000800102c                ST7789_ExecuteCommandList
 *fill*         0x00000000080010be        0x2 
 .text.ST7789_HardReset
                0x00000000080010c0       0x28 ./Core/Src/st7789.o
                0x00000000080010c0                ST7789_HardReset
 .text.ST7789_SendCmd
                0x00000000080010e8       0x4c ./Core/Src/st7789.o
                0x00000000080010e8                ST7789_SendCmd
 .text.ST7789_SendData
                0x0000000008001134       0x34 ./Core/Src/st7789.o
                0x0000000008001134                ST7789_SendData
 .text.ST7789_SendDataMASS
                0x0000000008001168       0x7c ./Core/Src/st7789.o
                0x0000000008001168                ST7789_SendDataMASS
 .text.ST7789_FillScreen
                0x00000000080011e4       0x34 ./Core/Src/st7789.o
                0x00000000080011e4                ST7789_FillScreen
 .text.ST7789_FillRect
                0x0000000008001218       0xbc ./Core/Src/st7789.o
                0x0000000008001218                ST7789_FillRect
 .text.ST7789_SetWindow
                0x00000000080012d4       0x4c ./Core/Src/st7789.o
                0x00000000080012d4                ST7789_SetWindow
 .text.ST7789_RamWrite
                0x0000000008001320       0x46 ./Core/Src/st7789.o
                0x0000000008001320                ST7789_RamWrite
 *fill*         0x0000000008001366        0x2 
 .text.ST7789_ColumnSet
                0x0000000008001368       0x84 ./Core/Src/st7789.o
                0x0000000008001368                ST7789_ColumnSet
 .text.ST7789_RowSet
                0x00000000080013ec       0x84 ./Core/Src/st7789.o
                0x00000000080013ec                ST7789_RowSet
 .text.SwapInt16Values
                0x0000000008001470       0x2c ./Core/Src/st7789.o
                0x0000000008001470                SwapInt16Values
 .text.ST7789_DrawRectangleFilled
                0x000000000800149c       0x8e ./Core/Src/st7789.o
                0x000000000800149c                ST7789_DrawRectangleFilled
 .text.ST7789_DrawLine_Slow
                0x000000000800152a      0x106 ./Core/Src/st7789.o
                0x000000000800152a                ST7789_DrawLine_Slow
 .text.ST7789_DrawLine
                0x0000000008001630       0xfa ./Core/Src/st7789.o
                0x0000000008001630                ST7789_DrawLine
 *fill*         0x000000000800172a        0x2 
 .text.ST7789_DrawPixel
                0x000000000800172c       0x64 ./Core/Src/st7789.o
                0x000000000800172c                ST7789_DrawPixel
 .text.ST7789_DrawCircleFilled
                0x0000000008001790      0x136 ./Core/Src/st7789.o
                0x0000000008001790                ST7789_DrawCircleFilled
 *fill*         0x00000000080018c6        0x2 
 .text.ST7789_DrawChar
                0x00000000080018c8      0x30c ./Core/Src/st7789.o
                0x00000000080018c8                ST7789_DrawChar
 .text.ST7789_print
                0x0000000008001bd4      0x188 ./Core/Src/st7789.o
                0x0000000008001bd4                ST7789_print
 .text.ST7789_rotation
                0x0000000008001d5c       0xf4 ./Core/Src/st7789.o
                0x0000000008001d5c                ST7789_rotation
 .text.ST7789_DrawFillRoundRect
                0x0000000008001e50      0x102 ./Core/Src/st7789.o
                0x0000000008001e50                ST7789_DrawFillRoundRect
 .text.ST7789_DrawFillCircleHelper
                0x0000000008001f52      0x21c ./Core/Src/st7789.o
                0x0000000008001f52                ST7789_DrawFillCircleHelper
 *fill*         0x000000000800216e        0x2 
 .text.HAL_MspInit
                0x0000000008002170       0x58 ./Core/Src/stm32f4xx_hal_msp.o
                0x0000000008002170                HAL_MspInit
 .text.HAL_ADC_MspInit
                0x00000000080021c8       0x88 ./Core/Src/stm32f4xx_hal_msp.o
                0x00000000080021c8                HAL_ADC_MspInit
 .text.HAL_CRC_MspInit
                0x0000000008002250       0x44 ./Core/Src/stm32f4xx_hal_msp.o
                0x0000000008002250                HAL_CRC_MspInit
 .text.HAL_SPI_MspInit
                0x0000000008002294       0xf8 ./Core/Src/stm32f4xx_hal_msp.o
                0x0000000008002294                HAL_SPI_MspInit
 .text.HAL_TIM_Base_MspInit
                0x000000000800238c       0x4c ./Core/Src/stm32f4xx_hal_msp.o
                0x000000000800238c                HAL_TIM_Base_MspInit
 .text.HAL_TIM_PWM_MspInit
                0x00000000080023d8       0x44 ./Core/Src/stm32f4xx_hal_msp.o
                0x00000000080023d8                HAL_TIM_PWM_MspInit
 .text.HAL_TIM_Encoder_MspInit
                0x000000000800241c       0xa0 ./Core/Src/stm32f4xx_hal_msp.o
                0x000000000800241c                HAL_TIM_Encoder_MspInit
 .text.HAL_TIM_MspPostInit
                0x00000000080024bc       0x74 ./Core/Src/stm32f4xx_hal_msp.o
                0x00000000080024bc                HAL_TIM_MspPostInit
 .text.HAL_InitTick
                0x0000000008002530       0xe4 ./Core/Src/stm32f4xx_hal_timebase_tim.o
                0x0000000008002530                HAL_InitTick
 .text.NMI_Handler
                0x0000000008002614        0x6 ./Core/Src/stm32f4xx_it.o
                0x0000000008002614                NMI_Handler
 .text.HardFault_Handler
                0x000000000800261a        0x6 ./Core/Src/stm32f4xx_it.o
                0x000000000800261a                HardFault_Handler
 .text.MemManage_Handler
                0x0000000008002620        0x6 ./Core/Src/stm32f4xx_it.o
                0x0000000008002620                MemManage_Handler
 .text.BusFault_Handler
                0x0000000008002626        0x6 ./Core/Src/stm32f4xx_it.o
                0x0000000008002626                BusFault_Handler
 .text.UsageFault_Handler
                0x000000000800262c        0x6 ./Core/Src/stm32f4xx_it.o
                0x000000000800262c                UsageFault_Handler
 .text.DebugMon_Handler
                0x0000000008002632        0xe ./Core/Src/stm32f4xx_it.o
                0x0000000008002632                DebugMon_Handler
 .text.TIM1_UP_TIM10_IRQHandler
                0x0000000008002640       0x14 ./Core/Src/stm32f4xx_it.o
                0x0000000008002640                TIM1_UP_TIM10_IRQHandler
 .text.TIM2_IRQHandler
                0x0000000008002654       0x14 ./Core/Src/stm32f4xx_it.o
                0x0000000008002654                TIM2_IRQHandler
 .text.TIM4_IRQHandler
                0x0000000008002668       0x14 ./Core/Src/stm32f4xx_it.o
                0x0000000008002668                TIM4_IRQHandler
 .text.DMA2_Stream2_IRQHandler
                0x000000000800267c       0x14 ./Core/Src/stm32f4xx_it.o
                0x000000000800267c                DMA2_Stream2_IRQHandler
 .text.OTG_FS_IRQHandler
                0x0000000008002690       0x14 ./Core/Src/stm32f4xx_it.o
                0x0000000008002690                OTG_FS_IRQHandler
 .text._sbrk    0x00000000080026a4       0x6c ./Core/Src/sysmem.o
                0x00000000080026a4                _sbrk
 .text.SystemInit
                0x0000000008002710       0x24 ./Core/Src/system_stm32f4xx.o
                0x0000000008002710                SystemInit
 .text.Reset_Handler
                0x0000000008002734       0x50 ./Core/Startup/startup_stm32f411ceux.o
                0x0000000008002734                Reset_Handler
 .text.Default_Handler
                0x0000000008002784        0x2 ./Core/Startup/startup_stm32f411ceux.o
                0x0000000008002784                RTC_Alarm_IRQHandler
                0x0000000008002784                EXTI2_IRQHandler
                0x0000000008002784                SPI4_IRQHandler
                0x0000000008002784                TIM1_CC_IRQHandler
                0x0000000008002784                DMA2_Stream5_IRQHandler
                0x0000000008002784                DMA1_Stream5_IRQHandler
                0x0000000008002784                PVD_IRQHandler
                0x0000000008002784                SDIO_IRQHandler
                0x0000000008002784                TAMP_STAMP_IRQHandler
                0x0000000008002784                EXTI3_IRQHandler
                0x0000000008002784                I2C3_ER_IRQHandler
                0x0000000008002784                EXTI0_IRQHandler
                0x0000000008002784                I2C2_EV_IRQHandler
                0x0000000008002784                DMA1_Stream2_IRQHandler
                0x0000000008002784                FPU_IRQHandler
                0x0000000008002784                SPI1_IRQHandler
                0x0000000008002784                TIM1_BRK_TIM9_IRQHandler
                0x0000000008002784                DMA2_Stream3_IRQHandler
                0x0000000008002784                USART6_IRQHandler
                0x0000000008002784                DMA2_Stream0_IRQHandler
                0x0000000008002784                I2C1_EV_IRQHandler
                0x0000000008002784                DMA1_Stream6_IRQHandler
                0x0000000008002784                DMA1_Stream1_IRQHandler
                0x0000000008002784                TIM3_IRQHandler
                0x0000000008002784                RCC_IRQHandler
                0x0000000008002784                Default_Handler
                0x0000000008002784                EXTI15_10_IRQHandler
                0x0000000008002784                ADC_IRQHandler
                0x0000000008002784                DMA1_Stream7_IRQHandler
                0x0000000008002784                SPI5_IRQHandler
                0x0000000008002784                TIM5_IRQHandler
                0x0000000008002784                DMA2_Stream7_IRQHandler
                0x0000000008002784                I2C3_EV_IRQHandler
                0x0000000008002784                EXTI9_5_IRQHandler
                0x0000000008002784                RTC_WKUP_IRQHandler
                0x0000000008002784                SPI2_IRQHandler
                0x0000000008002784                DMA1_Stream0_IRQHandler
                0x0000000008002784                EXTI4_IRQHandler
                0x0000000008002784                WWDG_IRQHandler
                0x0000000008002784                OTG_FS_WKUP_IRQHandler
                0x0000000008002784                TIM1_TRG_COM_TIM11_IRQHandler
                0x0000000008002784                EXTI1_IRQHandler
                0x0000000008002784                USART2_IRQHandler
                0x0000000008002784                I2C2_ER_IRQHandler
                0x0000000008002784                DMA2_Stream1_IRQHandler
                0x0000000008002784                FLASH_IRQHandler
                0x0000000008002784                DMA2_Stream4_IRQHandler
                0x0000000008002784                USART1_IRQHandler
                0x0000000008002784                SPI3_IRQHandler
                0x0000000008002784                DMA1_Stream4_IRQHandler
                0x0000000008002784                I2C1_ER_IRQHandler
                0x0000000008002784                DMA2_Stream6_IRQHandler
                0x0000000008002784                DMA1_Stream3_IRQHandler
 *fill*         0x0000000008002786        0x2 
 .text.HAL_Init
                0x0000000008002788       0x44 ./Drivers/STM32F4xx_HAL_Driver/Src/stm32f4xx_hal.o
                0x0000000008002788                HAL_Init
 .text.HAL_IncTick
                0x00000000080027cc       0x28 ./Drivers/STM32F4xx_HAL_Driver/Src/stm32f4xx_hal.o
                0x00000000080027cc                HAL_IncTick
 .text.HAL_GetTick
                0x00000000080027f4       0x18 ./Drivers/STM32F4xx_HAL_Driver/Src/stm32f4xx_hal.o
                0x00000000080027f4                HAL_GetTick
 .text.HAL_Delay
                0x000000000800280c       0x48 ./Drivers/STM32F4xx_HAL_Driver/Src/stm32f4xx_hal.o
                0x000000000800280c                HAL_Delay
 .text.HAL_ADC_Init
                0x0000000008002854       0x86 ./Drivers/STM32F4xx_HAL_Driver/Src/stm32f4xx_hal_adc.o
                0x0000000008002854                HAL_ADC_Init
 .text.HAL_ADC_PollForConversion
                0x00000000080028da      0x116 ./Drivers/STM32F4xx_HAL_Driver/Src/stm32f4xx_hal_adc.o
                0x00000000080028da                HAL_ADC_PollForConversion
 .text.HAL_ADC_ConfigChannel
                0x00000000080029f0      0x264 ./Drivers/STM32F4xx_HAL_Driver/Src/stm32f4xx_hal_adc.o
                0x00000000080029f0                HAL_ADC_ConfigChannel
 .text.ADC_Init
                0x0000000008002c54      0x1f8 ./Drivers/STM32F4xx_HAL_Driver/Src/stm32f4xx_hal_adc.o
 .text.HAL_ADCEx_InjectedStart
                0x0000000008002e4c      0x194 ./Drivers/STM32F4xx_HAL_Driver/Src/stm32f4xx_hal_adc_ex.o
                0x0000000008002e4c                HAL_ADCEx_InjectedStart
 .text.HAL_ADCEx_InjectedStop
                0x0000000008002fe0       0x96 ./Drivers/STM32F4xx_HAL_Driver/Src/stm32f4xx_hal_adc_ex.o
                0x0000000008002fe0                HAL_ADCEx_InjectedStop
 *fill*         0x0000000008003076        0x2 
 .text.HAL_ADCEx_InjectedGetValue
                0x0000000008003078       0x70 ./Drivers/STM32F4xx_HAL_Driver/Src/stm32f4xx_hal_adc_ex.o
                0x0000000008003078                HAL_ADCEx_InjectedGetValue
 .text.__NVIC_SetPriorityGrouping
                0x00000000080030e8       0x48 ./Drivers/STM32F4xx_HAL_Driver/Src/stm32f4xx_hal_cortex.o
 .text.__NVIC_GetPriorityGrouping
                0x0000000008003130       0x1c ./Drivers/STM32F4xx_HAL_Driver/Src/stm32f4xx_hal_cortex.o
 .text.__NVIC_EnableIRQ
                0x000000000800314c       0x3c ./Drivers/STM32F4xx_HAL_Driver/Src/stm32f4xx_hal_cortex.o
 .text.__NVIC_SetPriority
                0x0000000008003188       0x54 ./Drivers/STM32F4xx_HAL_Driver/Src/stm32f4xx_hal_cortex.o
 .text.NVIC_EncodePriority
                0x00000000080031dc       0x66 ./Drivers/STM32F4xx_HAL_Driver/Src/stm32f4xx_hal_cortex.o
 .text.HAL_NVIC_SetPriorityGrouping
                0x0000000008003242       0x16 ./Drivers/STM32F4xx_HAL_Driver/Src/stm32f4xx_hal_cortex.o
                0x0000000008003242                HAL_NVIC_SetPriorityGrouping
 .text.HAL_NVIC_SetPriority
                0x0000000008003258       0x38 ./Drivers/STM32F4xx_HAL_Driver/Src/stm32f4xx_hal_cortex.o
                0x0000000008003258                HAL_NVIC_SetPriority
 .text.HAL_NVIC_EnableIRQ
                0x0000000008003290       0x1c ./Drivers/STM32F4xx_HAL_Driver/Src/stm32f4xx_hal_cortex.o
                0x0000000008003290                HAL_NVIC_EnableIRQ
 .text.HAL_CRC_Init
                0x00000000080032ac       0x38 ./Drivers/STM32F4xx_HAL_Driver/Src/stm32f4xx_hal_crc.o
                0x00000000080032ac                HAL_CRC_Init
 .text.HAL_DMA_Init
                0x00000000080032e4      0x15c ./Drivers/STM32F4xx_HAL_Driver/Src/stm32f4xx_hal_dma.o
                0x00000000080032e4                HAL_DMA_Init
 .text.HAL_DMA_IRQHandler
                0x0000000008003440      0x314 ./Drivers/STM32F4xx_HAL_Driver/Src/stm32f4xx_hal_dma.o
                0x0000000008003440                HAL_DMA_IRQHandler
 .text.DMA_CalcBaseAndBitshift
                0x0000000008003754       0x6c ./Drivers/STM32F4xx_HAL_Driver/Src/stm32f4xx_hal_dma.o
 .text.DMA_CheckFifoParam
                0x00000000080037c0       0xf8 ./Drivers/STM32F4xx_HAL_Driver/Src/stm32f4xx_hal_dma.o
 .text.HAL_GPIO_Init
                0x00000000080038b8      0x308 ./Drivers/STM32F4xx_HAL_Driver/Src/stm32f4xx_hal_gpio.o
                0x00000000080038b8                HAL_GPIO_Init
 .text.HAL_GPIO_WritePin
                0x0000000008003bc0       0x32 ./Drivers/STM32F4xx_HAL_Driver/Src/stm32f4xx_hal_gpio.o
                0x0000000008003bc0                HAL_GPIO_WritePin
 .text.HAL_PCD_Init
                0x0000000008003bf2      0x23a ./Drivers/STM32F4xx_HAL_Driver/Src/stm32f4xx_hal_pcd.o
                0x0000000008003bf2                HAL_PCD_Init
 .text.HAL_PCD_Start
                0x0000000008003e2c       0x66 ./Drivers/STM32F4xx_HAL_Driver/Src/stm32f4xx_hal_pcd.o
                0x0000000008003e2c                HAL_PCD_Start
 .text.HAL_PCD_IRQHandler
                0x0000000008003e92      0x93e ./Drivers/STM32F4xx_HAL_Driver/Src/stm32f4xx_hal_pcd.o
                0x0000000008003e92                HAL_PCD_IRQHandler
 .text.HAL_PCD_SetAddress
                0x00000000080047d0       0x4a ./Drivers/STM32F4xx_HAL_Driver/Src/stm32f4xx_hal_pcd.o
                0x00000000080047d0                HAL_PCD_SetAddress
 .text.HAL_PCD_EP_Open
                0x000000000800481a       0xd0 ./Drivers/STM32F4xx_HAL_Driver/Src/stm32f4xx_hal_pcd.o
                0x000000000800481a                HAL_PCD_EP_Open
 .text.HAL_PCD_EP_Close
                0x00000000080048ea       0x94 ./Drivers/STM32F4xx_HAL_Driver/Src/stm32f4xx_hal_pcd.o
                0x00000000080048ea                HAL_PCD_EP_Close
 .text.HAL_PCD_EP_Receive
                0x000000000800497e       0x96 ./Drivers/STM32F4xx_HAL_Driver/Src/stm32f4xx_hal_pcd.o
                0x000000000800497e                HAL_PCD_EP_Receive
 .text.HAL_PCD_EP_GetRxCount
                0x0000000008004a14       0x30 ./Drivers/STM32F4xx_HAL_Driver/Src/stm32f4xx_hal_pcd.o
                0x0000000008004a14                HAL_PCD_EP_GetRxCount
 .text.HAL_PCD_EP_Transmit
                0x0000000008004a44       0x94 ./Drivers/STM32F4xx_HAL_Driver/Src/stm32f4xx_hal_pcd.o
                0x0000000008004a44                HAL_PCD_EP_Transmit
 .text.HAL_PCD_EP_SetStall
                0x0000000008004ad8       0xc8 ./Drivers/STM32F4xx_HAL_Driver/Src/stm32f4xx_hal_pcd.o
                0x0000000008004ad8                HAL_PCD_EP_SetStall
 .text.HAL_PCD_EP_ClrStall
                0x0000000008004ba0       0xac ./Drivers/STM32F4xx_HAL_Driver/Src/stm32f4xx_hal_pcd.o
                0x0000000008004ba0                HAL_PCD_EP_ClrStall
 .text.HAL_PCD_EP_Abort
                0x0000000008004c4c       0x62 ./Drivers/STM32F4xx_HAL_Driver/Src/stm32f4xx_hal_pcd.o
                0x0000000008004c4c                HAL_PCD_EP_Abort
 .text.PCD_WriteEmptyTxFifo
                0x0000000008004cae      0x11a ./Drivers/STM32F4xx_HAL_Driver/Src/stm32f4xx_hal_pcd.o
 .text.PCD_EP_OutXfrComplete_int
                0x0000000008004dc8      0x1d0 ./Drivers/STM32F4xx_HAL_Driver/Src/stm32f4xx_hal_pcd.o
 .text.PCD_EP_OutSetupPacket_int
                0x0000000008004f98       0x8c ./Drivers/STM32F4xx_HAL_Driver/Src/stm32f4xx_hal_pcd.o
 .text.HAL_PCDEx_SetTxFiFo
                0x0000000008005024       0x8e ./Drivers/STM32F4xx_HAL_Driver/Src/stm32f4xx_hal_pcd_ex.o
                0x0000000008005024                HAL_PCDEx_SetTxFiFo
 .text.HAL_PCDEx_SetRxFiFo
                0x00000000080050b2       0x22 ./Drivers/STM32F4xx_HAL_Driver/Src/stm32f4xx_hal_pcd_ex.o
                0x00000000080050b2                HAL_PCDEx_SetRxFiFo
 .text.HAL_PCDEx_LPM_Callback
                0x00000000080050d4       0x18 ./Drivers/STM32F4xx_HAL_Driver/Src/stm32f4xx_hal_pcd_ex.o
                0x00000000080050d4                HAL_PCDEx_LPM_Callback
 .text.HAL_RCC_OscConfig
                0x00000000080050ec      0x4f0 ./Drivers/STM32F4xx_HAL_Driver/Src/stm32f4xx_hal_rcc.o
                0x00000000080050ec                HAL_RCC_OscConfig
 .text.HAL_RCC_ClockConfig
                0x00000000080055dc      0x1cc ./Drivers/STM32F4xx_HAL_Driver/Src/stm32f4xx_hal_rcc.o
                0x00000000080055dc                HAL_RCC_ClockConfig
 .text.HAL_RCC_GetSysClockFreq
                0x00000000080057a8      0x18c ./Drivers/STM32F4xx_HAL_Driver/Src/stm32f4xx_hal_rcc.o
                0x00000000080057a8                HAL_RCC_GetSysClockFreq
 .text.HAL_RCC_GetHCLKFreq
                0x0000000008005934       0x18 ./Drivers/STM32F4xx_HAL_Driver/Src/stm32f4xx_hal_rcc.o
                0x0000000008005934                HAL_RCC_GetHCLKFreq
 .text.HAL_RCC_GetPCLK2Freq
                0x000000000800594c       0x28 ./Drivers/STM32F4xx_HAL_Driver/Src/stm32f4xx_hal_rcc.o
                0x000000000800594c                HAL_RCC_GetPCLK2Freq
 .text.HAL_RCC_GetClockConfig
                0x0000000008005974       0x64 ./Drivers/STM32F4xx_HAL_Driver/Src/stm32f4xx_hal_rcc.o
                0x0000000008005974                HAL_RCC_GetClockConfig
 .text.HAL_SPI_Init
                0x00000000080059d8      0x112 ./Drivers/STM32F4xx_HAL_Driver/Src/stm32f4xx_hal_spi.o
                0x00000000080059d8                HAL_SPI_Init
 .text.HAL_SPI_Transmit
                0x0000000008005aea      0x278 ./Drivers/STM32F4xx_HAL_Driver/Src/stm32f4xx_hal_spi.o
                0x0000000008005aea                HAL_SPI_Transmit
 .text.HAL_SPI_GetState
                0x0000000008005d62       0x1c ./Drivers/STM32F4xx_HAL_Driver/Src/stm32f4xx_hal_spi.o
                0x0000000008005d62                HAL_SPI_GetState
 *fill*         0x0000000008005d7e        0x2 
 .text.SPI_WaitFlagStateUntilTimeout
                0x0000000008005d80      0x110 ./Drivers/STM32F4xx_HAL_Driver/Src/stm32f4xx_hal_spi.o
 .text.SPI_EndRxTxTransaction
                0x0000000008005e90       0x84 ./Drivers/STM32F4xx_HAL_Driver/Src/stm32f4xx_hal_spi.o
 .text.HAL_TIM_Base_Init
                0x0000000008005f14       0x9e ./Drivers/STM32F4xx_HAL_Driver/Src/stm32f4xx_hal_tim.o
                0x0000000008005f14                HAL_TIM_Base_Init
 *fill*         0x0000000008005fb2        0x2 
 .text.HAL_TIM_Base_Start_IT
                0x0000000008005fb4       0xc4 ./Drivers/STM32F4xx_HAL_Driver/Src/stm32f4xx_hal_tim.o
                0x0000000008005fb4                HAL_TIM_Base_Start_IT
 .text.HAL_TIM_PWM_Init
                0x0000000008006078       0x9e ./Drivers/STM32F4xx_HAL_Driver/Src/stm32f4xx_hal_tim.o
                0x0000000008006078                HAL_TIM_PWM_Init
 .text.HAL_TIM_Encoder_Init
                0x0000000008006116      0x14c ./Drivers/STM32F4xx_HAL_Driver/Src/stm32f4xx_hal_tim.o
                0x0000000008006116                HAL_TIM_Encoder_Init
 .text.HAL_TIM_IRQHandler
                0x0000000008006262      0x210 ./Drivers/STM32F4xx_HAL_Driver/Src/stm32f4xx_hal_tim.o
                0x0000000008006262                HAL_TIM_IRQHandler
 *fill*         0x0000000008006472        0x2 
 .text.HAL_TIM_PWM_ConfigChannel
                0x0000000008006474      0x184 ./Drivers/STM32F4xx_HAL_Driver/Src/stm32f4xx_hal_tim.o
                0x0000000008006474                HAL_TIM_PWM_ConfigChannel
 .text.HAL_TIM_ConfigClockSource
                0x00000000080065f8      0x18e ./Drivers/STM32F4xx_HAL_Driver/Src/stm32f4xx_hal_tim.o
                0x00000000080065f8                HAL_TIM_ConfigClockSource
 .text.HAL_TIM_OC_DelayElapsedCallback
                0x0000000008006786       0x14 ./Drivers/STM32F4xx_HAL_Driver/Src/stm32f4xx_hal_tim.o
                0x0000000008006786                HAL_TIM_OC_DelayElapsedCallback
 .text.HAL_TIM_IC_CaptureCallback
                0x000000000800679a       0x14 ./Drivers/STM32F4xx_HAL_Driver/Src/stm32f4xx_hal_tim.o
                0x000000000800679a                HAL_TIM_IC_CaptureCallback
 .text.HAL_TIM_PWM_PulseFinishedCallback
                0x00000000080067ae       0x14 ./Drivers/STM32F4xx_HAL_Driver/Src/stm32f4xx_hal_tim.o
                0x00000000080067ae                HAL_TIM_PWM_PulseFinishedCallback
 .text.HAL_TIM_TriggerCallback
                0x00000000080067c2       0x14 ./Drivers/STM32F4xx_HAL_Driver/Src/stm32f4xx_hal_tim.o
                0x00000000080067c2                HAL_TIM_TriggerCallback
 *fill*         0x00000000080067d6        0x2 
 .text.TIM_Base_SetConfig
                0x00000000080067d8      0x100 ./Drivers/STM32F4xx_HAL_Driver/Src/stm32f4xx_hal_tim.o
                0x00000000080067d8                TIM_Base_SetConfig
 .text.TIM_OC1_SetConfig
                0x00000000080068d8       0xcc ./Drivers/STM32F4xx_HAL_Driver/Src/stm32f4xx_hal_tim.o
 .text.TIM_OC2_SetConfig
                0x00000000080069a4       0xd8 ./Drivers/STM32F4xx_HAL_Driver/Src/stm32f4xx_hal_tim.o
                0x00000000080069a4                TIM_OC2_SetConfig
 .text.TIM_OC3_SetConfig
                0x0000000008006a7c       0xd4 ./Drivers/STM32F4xx_HAL_Driver/Src/stm32f4xx_hal_tim.o
 .text.TIM_OC4_SetConfig
                0x0000000008006b50       0xa0 ./Drivers/STM32F4xx_HAL_Driver/Src/stm32f4xx_hal_tim.o
 .text.TIM_TI1_ConfigInputStage
                0x0000000008006bf0       0x5e ./Drivers/STM32F4xx_HAL_Driver/Src/stm32f4xx_hal_tim.o
 .text.TIM_TI2_ConfigInputStage
                0x0000000008006c4e       0x60 ./Drivers/STM32F4xx_HAL_Driver/Src/stm32f4xx_hal_tim.o
 .text.TIM_ITRx_SetConfig
                0x0000000008006cae       0x36 ./Drivers/STM32F4xx_HAL_Driver/Src/stm32f4xx_hal_tim.o
 .text.TIM_ETR_SetConfig
                0x0000000008006ce4       0x40 ./Drivers/STM32F4xx_HAL_Driver/Src/stm32f4xx_hal_tim.o
                0x0000000008006ce4                TIM_ETR_SetConfig
 .text.HAL_TIMEx_MasterConfigSynchronization
                0x0000000008006d24       0xdc ./Drivers/STM32F4xx_HAL_Driver/Src/stm32f4xx_hal_tim_ex.o
                0x0000000008006d24                HAL_TIMEx_MasterConfigSynchronization
 .text.HAL_TIMEx_CommutCallback
                0x0000000008006e00       0x14 ./Drivers/STM32F4xx_HAL_Driver/Src/stm32f4xx_hal_tim_ex.o
                0x0000000008006e00                HAL_TIMEx_CommutCallback
 .text.HAL_TIMEx_BreakCallback
                0x0000000008006e14       0x14 ./Drivers/STM32F4xx_HAL_Driver/Src/stm32f4xx_hal_tim_ex.o
                0x0000000008006e14                HAL_TIMEx_BreakCallback
 .text.USB_CoreInit
                0x0000000008006e28       0xc2 ./Drivers/STM32F4xx_HAL_Driver/Src/stm32f4xx_ll_usb.o
                0x0000000008006e28                USB_CoreInit
 *fill*         0x0000000008006eea        0x2 
 .text.USB_SetTurnaroundTime
                0x0000000008006eec      0x144 ./Drivers/STM32F4xx_HAL_Driver/Src/stm32f4xx_ll_usb.o
                0x0000000008006eec                USB_SetTurnaroundTime
 .text.USB_EnableGlobalInt
                0x0000000008007030       0x22 ./Drivers/STM32F4xx_HAL_Driver/Src/stm32f4xx_ll_usb.o
                0x0000000008007030                USB_EnableGlobalInt
 .text.USB_DisableGlobalInt
                0x0000000008007052       0x22 ./Drivers/STM32F4xx_HAL_Driver/Src/stm32f4xx_ll_usb.o
                0x0000000008007052                USB_DisableGlobalInt
 .text.USB_SetCurrentMode
                0x0000000008007074       0x98 ./Drivers/STM32F4xx_HAL_Driver/Src/stm32f4xx_ll_usb.o
                0x0000000008007074                USB_SetCurrentMode
 .text.USB_DevInit
                0x000000000800710c      0x2c8 ./Drivers/STM32F4xx_HAL_Driver/Src/stm32f4xx_ll_usb.o
                0x000000000800710c                USB_DevInit
 .text.USB_FlushTxFifo
                0x00000000080073d4       0x68 ./Drivers/STM32F4xx_HAL_Driver/Src/stm32f4xx_ll_usb.o
                0x00000000080073d4                USB_FlushTxFifo
 .text.USB_FlushRxFifo
                0x000000000800743c       0x60 ./Drivers/STM32F4xx_HAL_Driver/Src/stm32f4xx_ll_usb.o
                0x000000000800743c                USB_FlushRxFifo
 .text.USB_SetDevSpeed
                0x000000000800749c       0x32 ./Drivers/STM32F4xx_HAL_Driver/Src/stm32f4xx_ll_usb.o
                0x000000000800749c                USB_SetDevSpeed
 .text.USB_GetDevSpeed
                0x00000000080074ce       0x4a ./Drivers/STM32F4xx_HAL_Driver/Src/stm32f4xx_ll_usb.o
                0x00000000080074ce                USB_GetDevSpeed
 .text.USB_ActivateEndpoint
                0x0000000008007518      0x10e ./Drivers/STM32F4xx_HAL_Driver/Src/stm32f4xx_ll_usb.o
                0x0000000008007518                USB_ActivateEndpoint
 *fill*         0x0000000008007626        0x2 
 .text.USB_DeactivateEndpoint
                0x0000000008007628      0x1b8 ./Drivers/STM32F4xx_HAL_Driver/Src/stm32f4xx_ll_usb.o
                0x0000000008007628                USB_DeactivateEndpoint
 .text.USB_EPStartXfer
                0x00000000080077e0      0x490 ./Drivers/STM32F4xx_HAL_Driver/Src/stm32f4xx_ll_usb.o
                0x00000000080077e0                USB_EPStartXfer
 .text.USB_EP0StartXfer
                0x0000000008007c70      0x2b0 ./Drivers/STM32F4xx_HAL_Driver/Src/stm32f4xx_ll_usb.o
                0x0000000008007c70                USB_EP0StartXfer
 .text.USB_EPStopXfer
                0x0000000008007f20      0x154 ./Drivers/STM32F4xx_HAL_Driver/Src/stm32f4xx_ll_usb.o
                0x0000000008007f20                USB_EPStopXfer
 .text.USB_WritePacket
                0x0000000008008074       0x7c ./Drivers/STM32F4xx_HAL_Driver/Src/stm32f4xx_ll_usb.o
                0x0000000008008074                USB_WritePacket
 .text.USB_ReadPacket
                0x00000000080080f0       0xb0 ./Drivers/STM32F4xx_HAL_Driver/Src/stm32f4xx_ll_usb.o
                0x00000000080080f0                USB_ReadPacket
 .text.USB_EPSetStall
                0x00000000080081a0       0xdc ./Drivers/STM32F4xx_HAL_Driver/Src/stm32f4xx_ll_usb.o
                0x00000000080081a0                USB_EPSetStall
 .text.USB_EPClearStall
                0x000000000800827c       0xcc ./Drivers/STM32F4xx_HAL_Driver/Src/stm32f4xx_ll_usb.o
                0x000000000800827c                USB_EPClearStall
 .text.USB_SetDevAddress
                0x0000000008008348       0x4c ./Drivers/STM32F4xx_HAL_Driver/Src/stm32f4xx_ll_usb.o
                0x0000000008008348                USB_SetDevAddress
 .text.USB_DevConnect
                0x0000000008008394       0x42 ./Drivers/STM32F4xx_HAL_Driver/Src/stm32f4xx_ll_usb.o
                0x0000000008008394                USB_DevConnect
 .text.USB_DevDisconnect
                0x00000000080083d6       0x42 ./Drivers/STM32F4xx_HAL_Driver/Src/stm32f4xx_ll_usb.o
                0x00000000080083d6                USB_DevDisconnect
 .text.USB_ReadInterrupts
                0x0000000008008418       0x26 ./Drivers/STM32F4xx_HAL_Driver/Src/stm32f4xx_ll_usb.o
                0x0000000008008418                USB_ReadInterrupts
 .text.USB_ReadDevAllOutEpInterrupt
                0x000000000800843e       0x34 ./Drivers/STM32F4xx_HAL_Driver/Src/stm32f4xx_ll_usb.o
                0x000000000800843e                USB_ReadDevAllOutEpInterrupt
 .text.USB_ReadDevAllInEpInterrupt
                0x0000000008008472       0x34 ./Drivers/STM32F4xx_HAL_Driver/Src/stm32f4xx_ll_usb.o
                0x0000000008008472                USB_ReadDevAllInEpInterrupt
 .text.USB_ReadDevOutEPInterrupt
                0x00000000080084a6       0x3c ./Drivers/STM32F4xx_HAL_Driver/Src/stm32f4xx_ll_usb.o
                0x00000000080084a6                USB_ReadDevOutEPInterrupt
 .text.USB_ReadDevInEPInterrupt
                0x00000000080084e2       0x5c ./Drivers/STM32F4xx_HAL_Driver/Src/stm32f4xx_ll_usb.o
                0x00000000080084e2                USB_ReadDevInEPInterrupt
 .text.USB_GetMode
                0x000000000800853e       0x1c ./Drivers/STM32F4xx_HAL_Driver/Src/stm32f4xx_ll_usb.o
                0x000000000800853e                USB_GetMode
 .text.USB_ActivateSetup
                0x000000000800855a       0x46 ./Drivers/STM32F4xx_HAL_Driver/Src/stm32f4xx_ll_usb.o
                0x000000000800855a                USB_ActivateSetup
 .text.USB_EP0_OutStart
                0x00000000080085a0       0xbc ./Drivers/STM32F4xx_HAL_Driver/Src/stm32f4xx_ll_usb.o
                0x00000000080085a0                USB_EP0_OutStart
 .text.USB_CoreReset
                0x000000000800865c       0x68 ./Drivers/STM32F4xx_HAL_Driver/Src/stm32f4xx_ll_usb.o
 .text.USBD_CDC_Init
                0x00000000080086c4      0x1f0 ./Middlewares/ST/STM32_USB_Device_Library/Class/CDC/Src/usbd_cdc.o
 .text.USBD_CDC_DeInit
                0x00000000080088b4      0x104 ./Middlewares/ST/STM32_USB_Device_Library/Class/CDC/Src/usbd_cdc.o
 .text.USBD_CDC_Setup
                0x00000000080089b8      0x1b8 ./Middlewares/ST/STM32_USB_Device_Library/Class/CDC/Src/usbd_cdc.o
 .text.USBD_CDC_DataIn
                0x0000000008008b70       0xfe ./Middlewares/ST/STM32_USB_Device_Library/Class/CDC/Src/usbd_cdc.o
 .text.USBD_CDC_DataOut
                0x0000000008008c6e       0x70 ./Middlewares/ST/STM32_USB_Device_Library/Class/CDC/Src/usbd_cdc.o
 .text.USBD_CDC_EP0_RxReady
                0x0000000008008cde       0x76 ./Middlewares/ST/STM32_USB_Device_Library/Class/CDC/Src/usbd_cdc.o
 .text.USBD_CDC_GetFSCfgDesc
                0x0000000008008d54       0x70 ./Middlewares/ST/STM32_USB_Device_Library/Class/CDC/Src/usbd_cdc.o
 .text.USBD_CDC_GetHSCfgDesc
                0x0000000008008dc4       0x70 ./Middlewares/ST/STM32_USB_Device_Library/Class/CDC/Src/usbd_cdc.o
 .text.USBD_CDC_GetOtherSpeedCfgDesc
                0x0000000008008e34       0x70 ./Middlewares/ST/STM32_USB_Device_Library/Class/CDC/Src/usbd_cdc.o
 .text.USBD_CDC_GetDeviceQualifierDescriptor
                0x0000000008008ea4       0x20 ./Middlewares/ST/STM32_USB_Device_Library/Class/CDC/Src/usbd_cdc.o
                0x0000000008008ea4                USBD_CDC_GetDeviceQualifierDescriptor
 .text.USBD_CDC_RegisterInterface
                0x0000000008008ec4       0x34 ./Middlewares/ST/STM32_USB_Device_Library/Class/CDC/Src/usbd_cdc.o
                0x0000000008008ec4                USBD_CDC_RegisterInterface
 .text.USBD_CDC_SetTxBuffer
                0x0000000008008ef8       0x44 ./Middlewares/ST/STM32_USB_Device_Library/Class/CDC/Src/usbd_cdc.o
                0x0000000008008ef8                USBD_CDC_SetTxBuffer
 .text.USBD_CDC_SetRxBuffer
                0x0000000008008f3c       0x3a ./Middlewares/ST/STM32_USB_Device_Library/Class/CDC/Src/usbd_cdc.o
                0x0000000008008f3c                USBD_CDC_SetRxBuffer
 *fill*         0x0000000008008f76        0x2 
 .text.USBD_CDC_TransmitPacket
                0x0000000008008f78       0x8c ./Middlewares/ST/STM32_USB_Device_Library/Class/CDC/Src/usbd_cdc.o
                0x0000000008008f78                USBD_CDC_TransmitPacket
 .text.USBD_CDC_ReceivePacket
                0x0000000008009004       0x6c ./Middlewares/ST/STM32_USB_Device_Library/Class/CDC/Src/usbd_cdc.o
                0x0000000008009004                USBD_CDC_ReceivePacket
 .text.USBD_Init
                0x0000000008009070       0x60 ./Middlewares/ST/STM32_USB_Device_Library/Core/Src/usbd_core.o
                0x0000000008009070                USBD_Init
 .text.USBD_RegisterClass
                0x00000000080090d0       0x6c ./Middlewares/ST/STM32_USB_Device_Library/Core/Src/usbd_core.o
                0x00000000080090d0                USBD_RegisterClass
 .text.USBD_Start
                0x000000000800913c       0x18 ./Middlewares/ST/STM32_USB_Device_Library/Core/Src/usbd_core.o
                0x000000000800913c                USBD_Start
 .text.USBD_RunTestMode
                0x0000000008009154       0x16 ./Middlewares/ST/STM32_USB_Device_Library/Core/Src/usbd_core.o
                0x0000000008009154                USBD_RunTestMode
 .text.USBD_SetClassConfig
                0x000000000800916a       0x38 ./Middlewares/ST/STM32_USB_Device_Library/Core/Src/usbd_core.o
                0x000000000800916a                USBD_SetClassConfig
 .text.USBD_ClrClassConfig
                0x00000000080091a2       0x34 ./Middlewares/ST/STM32_USB_Device_Library/Core/Src/usbd_core.o
                0x00000000080091a2                USBD_ClrClassConfig
 .text.USBD_LL_SetupStage
                0x00000000080091d6       0xaa ./Middlewares/ST/STM32_USB_Device_Library/Core/Src/usbd_core.o
                0x00000000080091d6                USBD_LL_SetupStage
 .text.USBD_LL_DataOutStage
                0x0000000008009280      0x166 ./Middlewares/ST/STM32_USB_Device_Library/Core/Src/usbd_core.o
                0x0000000008009280                USBD_LL_DataOutStage
 .text.USBD_LL_DataInStage
                0x00000000080093e6      0x164 ./Middlewares/ST/STM32_USB_Device_Library/Core/Src/usbd_core.o
                0x00000000080093e6                USBD_LL_DataInStage
 .text.USBD_LL_Reset
                0x000000000800954a       0xa4 ./Middlewares/ST/STM32_USB_Device_Library/Core/Src/usbd_core.o
                0x000000000800954a                USBD_LL_Reset
 .text.USBD_LL_SetSpeed
                0x00000000080095ee       0x20 ./Middlewares/ST/STM32_USB_Device_Library/Core/Src/usbd_core.o
                0x00000000080095ee                USBD_LL_SetSpeed
 .text.USBD_LL_Suspend
                0x000000000800960e       0x2c ./Middlewares/ST/STM32_USB_Device_Library/Core/Src/usbd_core.o
                0x000000000800960e                USBD_LL_Suspend
 .text.USBD_LL_Resume
                0x000000000800963a       0x30 ./Middlewares/ST/STM32_USB_Device_Library/Core/Src/usbd_core.o
                0x000000000800963a                USBD_LL_Resume
 .text.USBD_LL_SOF
                0x000000000800966a       0x40 ./Middlewares/ST/STM32_USB_Device_Library/Core/Src/usbd_core.o
                0x000000000800966a                USBD_LL_SOF
 .text.USBD_LL_IsoINIncomplete
                0x00000000080096aa       0x64 ./Middlewares/ST/STM32_USB_Device_Library/Core/Src/usbd_core.o
                0x00000000080096aa                USBD_LL_IsoINIncomplete
 .text.USBD_LL_IsoOUTIncomplete
                0x000000000800970e       0x64 ./Middlewares/ST/STM32_USB_Device_Library/Core/Src/usbd_core.o
                0x000000000800970e                USBD_LL_IsoOUTIncomplete
 .text.USBD_LL_DevConnected
                0x0000000008009772       0x16 ./Middlewares/ST/STM32_USB_Device_Library/Core/Src/usbd_core.o
                0x0000000008009772                USBD_LL_DevConnected
 .text.USBD_LL_DevDisconnected
                0x0000000008009788       0x46 ./Middlewares/ST/STM32_USB_Device_Library/Core/Src/usbd_core.o
                0x0000000008009788                USBD_LL_DevDisconnected
 .text.USBD_CoreFindIF
                0x00000000080097ce       0x1a ./Middlewares/ST/STM32_USB_Device_Library/Core/Src/usbd_core.o
                0x00000000080097ce                USBD_CoreFindIF
 .text.USBD_CoreFindEP
                0x00000000080097e8       0x1a ./Middlewares/ST/STM32_USB_Device_Library/Core/Src/usbd_core.o
                0x00000000080097e8                USBD_CoreFindEP
 .text.USBD_GetEpDesc
                0x0000000008009802       0x74 ./Middlewares/ST/STM32_USB_Device_Library/Core/Src/usbd_core.o
                0x0000000008009802                USBD_GetEpDesc
 .text.USBD_GetNextDesc
                0x0000000008009876       0x3a ./Middlewares/ST/STM32_USB_Device_Library/Core/Src/usbd_core.o
                0x0000000008009876                USBD_GetNextDesc
 .text.SWAPBYTE
                0x00000000080098b0       0x3c ./Middlewares/ST/STM32_USB_Device_Library/Core/Src/usbd_ctlreq.o
 .text.USBD_StdDevReq
                0x00000000080098ec       0xe4 ./Middlewares/ST/STM32_USB_Device_Library/Core/Src/usbd_ctlreq.o
                0x00000000080098ec                USBD_StdDevReq
 .text.USBD_StdItfReq
                0x00000000080099d0       0xd8 ./Middlewares/ST/STM32_USB_Device_Library/Core/Src/usbd_ctlreq.o
                0x00000000080099d0                USBD_StdItfReq
 .text.USBD_StdEPReq
                0x0000000008009aa8      0x33a ./Middlewares/ST/STM32_USB_Device_Library/Core/Src/usbd_ctlreq.o
                0x0000000008009aa8                USBD_StdEPReq
 *fill*         0x0000000008009de2        0x2 
 .text.USBD_GetDescriptor
                0x0000000008009de4      0x2d4 ./Middlewares/ST/STM32_USB_Device_Library/Core/Src/usbd_ctlreq.o
 .text.USBD_SetAddress
                0x000000000800a0b8       0x88 ./Middlewares/ST/STM32_USB_Device_Library/Core/Src/usbd_ctlreq.o
 .text.USBD_SetConfig
                0x000000000800a140      0x154 ./Middlewares/ST/STM32_USB_Device_Library/Core/Src/usbd_ctlreq.o
 .text.USBD_GetConfig
                0x000000000800a294       0x6c ./Middlewares/ST/STM32_USB_Device_Library/Core/Src/usbd_ctlreq.o
 .text.USBD_GetStatus
                0x000000000800a300       0x68 ./Middlewares/ST/STM32_USB_Device_Library/Core/Src/usbd_ctlreq.o
 .text.USBD_SetFeature
                0x000000000800a368       0x52 ./Middlewares/ST/STM32_USB_Device_Library/Core/Src/usbd_ctlreq.o
 .text.USBD_ClrFeature
                0x000000000800a3ba       0x44 ./Middlewares/ST/STM32_USB_Device_Library/Core/Src/usbd_ctlreq.o
 .text.USBD_ParseSetupRequest
                0x000000000800a3fe       0x74 ./Middlewares/ST/STM32_USB_Device_Library/Core/Src/usbd_ctlreq.o
                0x000000000800a3fe                USBD_ParseSetupRequest
 .text.USBD_CtlError
                0x000000000800a472       0x22 ./Middlewares/ST/STM32_USB_Device_Library/Core/Src/usbd_ctlreq.o
                0x000000000800a472                USBD_CtlError
 .text.USBD_GetString
                0x000000000800a494       0x8c ./Middlewares/ST/STM32_USB_Device_Library/Core/Src/usbd_ctlreq.o
                0x000000000800a494                USBD_GetString
 .text.USBD_GetLen
                0x000000000800a520       0x34 ./Middlewares/ST/STM32_USB_Device_Library/Core/Src/usbd_ctlreq.o
 .text.USBD_CtlSendData
                0x000000000800a554       0x36 ./Middlewares/ST/STM32_USB_Device_Library/Core/Src/usbd_ioreq.o
                0x000000000800a554                USBD_CtlSendData
 .text.USBD_CtlContinueSendData
                0x000000000800a58a       0x22 ./Middlewares/ST/STM32_USB_Device_Library/Core/Src/usbd_ioreq.o
                0x000000000800a58a                USBD_CtlContinueSendData
 .text.USBD_CtlPrepareRx
                0x000000000800a5ac       0x3a ./Middlewares/ST/STM32_USB_Device_Library/Core/Src/usbd_ioreq.o
                0x000000000800a5ac                USBD_CtlPrepareRx
 .text.USBD_CtlContinueRx
                0x000000000800a5e6       0x22 ./Middlewares/ST/STM32_USB_Device_Library/Core/Src/usbd_ioreq.o
                0x000000000800a5e6                USBD_CtlContinueRx
 .text.USBD_CtlSendStatus
                0x000000000800a608       0x26 ./Middlewares/ST/STM32_USB_Device_Library/Core/Src/usbd_ioreq.o
                0x000000000800a608                USBD_CtlSendStatus
 .text.USBD_CtlReceiveStatus
                0x000000000800a62e       0x26 ./Middlewares/ST/STM32_USB_Device_Library/Core/Src/usbd_ioreq.o
                0x000000000800a62e                USBD_CtlReceiveStatus
 .text.__NVIC_SetPriority
                0x000000000800a654       0x54 ./Middlewares/Third_Party/FreeRTOS/Source/CMSIS_RTOS_V2/cmsis_os2.o
 .text.SysTick_Handler
                0x000000000800a6a8       0x20 ./Middlewares/Third_Party/FreeRTOS/Source/CMSIS_RTOS_V2/cmsis_os2.o
                0x000000000800a6a8                SysTick_Handler
 .text.SVC_Setup
                0x000000000800a6c8       0x12 ./Middlewares/Third_Party/FreeRTOS/Source/CMSIS_RTOS_V2/cmsis_os2.o
 *fill*         0x000000000800a6da        0x2 
 .text.osKernelInitialize
                0x000000000800a6dc       0x48 ./Middlewares/Third_Party/FreeRTOS/Source/CMSIS_RTOS_V2/cmsis_os2.o
                0x000000000800a6dc                osKernelInitialize
 .text.osKernelStart
                0x000000000800a724       0x4c ./Middlewares/Third_Party/FreeRTOS/Source/CMSIS_RTOS_V2/cmsis_os2.o
                0x000000000800a724                osKernelStart
 .text.osThreadNew
                0x000000000800a770      0x124 ./Middlewares/Third_Party/FreeRTOS/Source/CMSIS_RTOS_V2/cmsis_os2.o
                0x000000000800a770                osThreadNew
 .text.osDelay  0x000000000800a894       0x36 ./Middlewares/Third_Party/FreeRTOS/Source/CMSIS_RTOS_V2/cmsis_os2.o
                0x000000000800a894                osDelay
 *fill*         0x000000000800a8ca        0x2 
 .text.vApplicationGetIdleTaskMemory
                0x000000000800a8cc       0x34 ./Middlewares/Third_Party/FreeRTOS/Source/CMSIS_RTOS_V2/cmsis_os2.o
                0x000000000800a8cc                vApplicationGetIdleTaskMemory
 .text.vApplicationGetTimerTaskMemory
                0x000000000800a900       0x34 ./Middlewares/Third_Party/FreeRTOS/Source/CMSIS_RTOS_V2/cmsis_os2.o
                0x000000000800a900                vApplicationGetTimerTaskMemory
 .text.vListInitialise
                0x000000000800a934       0x40 ./Middlewares/Third_Party/FreeRTOS/Source/list.o
                0x000000000800a934                vListInitialise
 .text.vListInitialiseItem
                0x000000000800a974       0x1a ./Middlewares/Third_Party/FreeRTOS/Source/list.o
                0x000000000800a974                vListInitialiseItem
 .text.vListInsertEnd
                0x000000000800a98e       0x48 ./Middlewares/Third_Party/FreeRTOS/Source/list.o
                0x000000000800a98e                vListInsertEnd
 .text.vListInsert
                0x000000000800a9d6       0x72 ./Middlewares/Third_Party/FreeRTOS/Source/list.o
                0x000000000800a9d6                vListInsert
 .text.uxListRemove
                0x000000000800aa48       0x54 ./Middlewares/Third_Party/FreeRTOS/Source/list.o
                0x000000000800aa48                uxListRemove
 .text.xQueueGenericReset
                0x000000000800aa9c       0xd0 ./Middlewares/Third_Party/FreeRTOS/Source/queue.o
                0x000000000800aa9c                xQueueGenericReset
 .text.xQueueGenericCreateStatic
                0x000000000800ab6c       0xf0 ./Middlewares/Third_Party/FreeRTOS/Source/queue.o
                0x000000000800ab6c                xQueueGenericCreateStatic
 .text.prvInitialiseNewQueue
                0x000000000800ac5c       0x46 ./Middlewares/Third_Party/FreeRTOS/Source/queue.o
 *fill*         0x000000000800aca2        0x2 
 .text.xQueueGenericSend
                0x000000000800aca4      0x1fc ./Middlewares/Third_Party/FreeRTOS/Source/queue.o
                0x000000000800aca4                xQueueGenericSend
 .text.xQueueGenericSendFromISR
                0x000000000800aea0      0x136 ./Middlewares/Third_Party/FreeRTOS/Source/queue.o
                0x000000000800aea0                xQueueGenericSendFromISR
 *fill*         0x000000000800afd6        0x2 
 .text.xQueueReceive
                0x000000000800afd8      0x1c0 ./Middlewares/Third_Party/FreeRTOS/Source/queue.o
                0x000000000800afd8                xQueueReceive
 .text.prvCopyDataToQueue
                0x000000000800b198       0xd4 ./Middlewares/Third_Party/FreeRTOS/Source/queue.o
 .text.prvCopyDataFromQueue
                0x000000000800b26c       0x4c ./Middlewares/Third_Party/FreeRTOS/Source/queue.o
 .text.prvUnlockQueue
                0x000000000800b2b8       0xa4 ./Middlewares/Third_Party/FreeRTOS/Source/queue.o
 .text.prvIsQueueEmpty
                0x000000000800b35c       0x2c ./Middlewares/Third_Party/FreeRTOS/Source/queue.o
 .text.prvIsQueueFull
                0x000000000800b388       0x30 ./Middlewares/Third_Party/FreeRTOS/Source/queue.o
 .text.vQueueAddToRegistry
                0x000000000800b3b8       0x54 ./Middlewares/Third_Party/FreeRTOS/Source/queue.o
                0x000000000800b3b8                vQueueAddToRegistry
 .text.vQueueWaitForMessageRestricted
                0x000000000800b40c       0x68 ./Middlewares/Third_Party/FreeRTOS/Source/queue.o
                0x000000000800b40c                vQueueWaitForMessageRestricted
 .text.xTaskCreateStatic
                0x000000000800b474       0xba ./Middlewares/Third_Party/FreeRTOS/Source/tasks.o
                0x000000000800b474                xTaskCreateStatic
 .text.xTaskCreate
                0x000000000800b52e       0x8a ./Middlewares/Third_Party/FreeRTOS/Source/tasks.o
                0x000000000800b52e                xTaskCreate
 .text.prvInitialiseNewTask
                0x000000000800b5b8      0x14c ./Middlewares/Third_Party/FreeRTOS/Source/tasks.o
 .text.prvAddNewTaskToReadyList
                0x000000000800b704       0xe0 ./Middlewares/Third_Party/FreeRTOS/Source/tasks.o
 .text.vTaskDelay
                0x000000000800b7e4       0x68 ./Middlewares/Third_Party/FreeRTOS/Source/tasks.o
                0x000000000800b7e4                vTaskDelay
 .text.vTaskStartScheduler
                0x000000000800b84c       0xe0 ./Middlewares/Third_Party/FreeRTOS/Source/tasks.o
                0x000000000800b84c                vTaskStartScheduler
 .text.vTaskSuspendAll
                0x000000000800b92c       0x1c ./Middlewares/Third_Party/FreeRTOS/Source/tasks.o
                0x000000000800b92c                vTaskSuspendAll
 .text.xTaskResumeAll
                0x000000000800b948      0x13c ./Middlewares/Third_Party/FreeRTOS/Source/tasks.o
                0x000000000800b948                xTaskResumeAll
 .text.xTaskGetTickCount
                0x000000000800ba84       0x20 ./Middlewares/Third_Party/FreeRTOS/Source/tasks.o
                0x000000000800ba84                xTaskGetTickCount
 .text.xTaskIncrementTick
                0x000000000800baa4      0x174 ./Middlewares/Third_Party/FreeRTOS/Source/tasks.o
                0x000000000800baa4                xTaskIncrementTick
 .text.vTaskSwitchContext
                0x000000000800bc18       0xc8 ./Middlewares/Third_Party/FreeRTOS/Source/tasks.o
                0x000000000800bc18                vTaskSwitchContext
 .text.vTaskPlaceOnEventList
                0x000000000800bce0       0x48 ./Middlewares/Third_Party/FreeRTOS/Source/tasks.o
                0x000000000800bce0                vTaskPlaceOnEventList
 .text.vTaskPlaceOnEventListRestricted
                0x000000000800bd28       0x58 ./Middlewares/Third_Party/FreeRTOS/Source/tasks.o
                0x000000000800bd28                vTaskPlaceOnEventListRestricted
 .text.xTaskRemoveFromEventList
                0x000000000800bd80       0xc8 ./Middlewares/Third_Party/FreeRTOS/Source/tasks.o
                0x000000000800bd80                xTaskRemoveFromEventList
 .text.vTaskInternalSetTimeOutState
                0x000000000800be48       0x2c ./Middlewares/Third_Party/FreeRTOS/Source/tasks.o
                0x000000000800be48                vTaskInternalSetTimeOutState
 .text.xTaskCheckForTimeOut
                0x000000000800be74       0xc4 ./Middlewares/Third_Party/FreeRTOS/Source/tasks.o
                0x000000000800be74                xTaskCheckForTimeOut
 .text.vTaskMissedYield
                0x000000000800bf38       0x18 ./Middlewares/Third_Party/FreeRTOS/Source/tasks.o
                0x000000000800bf38                vTaskMissedYield
 .text.prvIdleTask
                0x000000000800bf50       0x30 ./Middlewares/Third_Party/FreeRTOS/Source/tasks.o
 .text.prvInitialiseTaskLists
                0x000000000800bf80       0x80 ./Middlewares/Third_Party/FreeRTOS/Source/tasks.o
 .text.prvCheckTasksWaitingTermination
                0x000000000800c000       0x5c ./Middlewares/Third_Party/FreeRTOS/Source/tasks.o
 .text.prvDeleteTCB
                0x000000000800c05c       0x68 ./Middlewares/Third_Party/FreeRTOS/Source/tasks.o
 .text.prvResetNextTaskUnblockTime
                0x000000000800c0c4       0x40 ./Middlewares/Third_Party/FreeRTOS/Source/tasks.o
 .text.xTaskGetSchedulerState
                0x000000000800c104       0x3c ./Middlewares/Third_Party/FreeRTOS/Source/tasks.o
                0x000000000800c104                xTaskGetSchedulerState
 .text.xTaskPriorityDisinherit
                0x000000000800c140       0xdc ./Middlewares/Third_Party/FreeRTOS/Source/tasks.o
                0x000000000800c140                xTaskPriorityDisinherit
 .text.prvAddCurrentTaskToDelayedList
                0x000000000800c21c       0xa8 ./Middlewares/Third_Party/FreeRTOS/Source/tasks.o
 .text.xTimerCreateTimerTask
                0x000000000800c2c4       0x90 ./Middlewares/Third_Party/FreeRTOS/Source/timers.o
                0x000000000800c2c4                xTimerCreateTimerTask
 .text.xTimerGenericCommand
                0x000000000800c354       0x9c ./Middlewares/Third_Party/FreeRTOS/Source/timers.o
                0x000000000800c354                xTimerGenericCommand
 .text.prvProcessExpiredTimer
                0x000000000800c3f0       0x98 ./Middlewares/Third_Party/FreeRTOS/Source/timers.o
 .text.prvTimerTask
                0x000000000800c488       0x24 ./Middlewares/Third_Party/FreeRTOS/Source/timers.o
 .text.prvProcessTimerOrBlockTask
                0x000000000800c4ac       0x9c ./Middlewares/Third_Party/FreeRTOS/Source/timers.o
 .text.prvGetNextExpireTime
                0x000000000800c548       0x48 ./Middlewares/Third_Party/FreeRTOS/Source/timers.o
 .text.prvSampleTimeNow
                0x000000000800c590       0x40 ./Middlewares/Third_Party/FreeRTOS/Source/timers.o
 .text.prvInsertTimerInActiveList
                0x000000000800c5d0       0x84 ./Middlewares/Third_Party/FreeRTOS/Source/timers.o
 .text.prvProcessReceivedCommands
                0x000000000800c654      0x1c4 ./Middlewares/Third_Party/FreeRTOS/Source/timers.o
 .text.prvSwitchTimerLists
                0x000000000800c818       0xc8 ./Middlewares/Third_Party/FreeRTOS/Source/timers.o
 .text.prvCheckForValidListAndQueue
                0x000000000800c8e0       0x80 ./Middlewares/Third_Party/FreeRTOS/Source/timers.o
 .text.pxPortInitialiseStack
                0x000000000800c960       0x68 ./Middlewares/Third_Party/FreeRTOS/Source/portable/GCC/ARM_CM4F/port.o
                0x000000000800c960                pxPortInitialiseStack
 .text.prvTaskExitError
                0x000000000800c9c8       0x58 ./Middlewares/Third_Party/FreeRTOS/Source/portable/GCC/ARM_CM4F/port.o
 .text.SVC_Handler
                0x000000000800ca20       0x28 ./Middlewares/Third_Party/FreeRTOS/Source/portable/GCC/ARM_CM4F/port.o
                0x000000000800ca20                SVC_Handler
 .text.prvPortStartFirstTask
                0x000000000800ca48       0x28 ./Middlewares/Third_Party/FreeRTOS/Source/portable/GCC/ARM_CM4F/port.o
 .text.xPortStartScheduler
                0x000000000800ca70      0x144 ./Middlewares/Third_Party/FreeRTOS/Source/portable/GCC/ARM_CM4F/port.o
                0x000000000800ca70                xPortStartScheduler
 .text.vPortEnterCritical
                0x000000000800cbb4       0x60 ./Middlewares/Third_Party/FreeRTOS/Source/portable/GCC/ARM_CM4F/port.o
                0x000000000800cbb4                vPortEnterCritical
 .text.vPortExitCritical
                0x000000000800cc14       0x54 ./Middlewares/Third_Party/FreeRTOS/Source/portable/GCC/ARM_CM4F/port.o
                0x000000000800cc14                vPortExitCritical
 *fill*         0x000000000800cc68        0x8 
 .text.PendSV_Handler
                0x000000000800cc70       0x68 ./Middlewares/Third_Party/FreeRTOS/Source/portable/GCC/ARM_CM4F/port.o
                0x000000000800cc70                PendSV_Handler
 .text.xPortSysTickHandler
                0x000000000800ccd8       0x44 ./Middlewares/Third_Party/FreeRTOS/Source/portable/GCC/ARM_CM4F/port.o
                0x000000000800ccd8                xPortSysTickHandler
 .text.vPortSetupTimerInterrupt
                0x000000000800cd1c       0x48 ./Middlewares/Third_Party/FreeRTOS/Source/portable/GCC/ARM_CM4F/port.o
                0x000000000800cd1c                vPortSetupTimerInterrupt
 .text.vPortEnableVFP
                0x000000000800cd64       0x14 ./Middlewares/Third_Party/FreeRTOS/Source/portable/GCC/ARM_CM4F/port.o
 .text.vPortValidateInterruptPriority
                0x000000000800cd78       0x80 ./Middlewares/Third_Party/FreeRTOS/Source/portable/GCC/ARM_CM4F/port.o
                0x000000000800cd78                vPortValidateInterruptPriority
 .text.pvPortMalloc
                0x000000000800cdf8      0x198 ./Middlewares/Third_Party/FreeRTOS/Source/portable/MemMang/heap_4.o
                0x000000000800cdf8                pvPortMalloc
 .text.vPortFree
                0x000000000800cf90       0xc4 ./Middlewares/Third_Party/FreeRTOS/Source/portable/MemMang/heap_4.o
                0x000000000800cf90                vPortFree
 .text.prvHeapInit
                0x000000000800d054       0xc4 ./Middlewares/Third_Party/FreeRTOS/Source/portable/MemMang/heap_4.o
 .text.prvInsertBlockIntoFreeList
                0x000000000800d118       0xb4 ./Middlewares/Third_Party/FreeRTOS/Source/portable/MemMang/heap_4.o
 .text.MX_USB_DEVICE_Init
                0x000000000800d1cc       0x60 ./USB_DEVICE/App/usb_device.o
                0x000000000800d1cc                MX_USB_DEVICE_Init
 .text.CDC_Init_FS
                0x000000000800d22c       0x28 ./USB_DEVICE/App/usbd_cdc_if.o
 .text.CDC_DeInit_FS
                0x000000000800d254       0x10 ./USB_DEVICE/App/usbd_cdc_if.o
 .text.CDC_Control_FS
                0x000000000800d264       0xbc ./USB_DEVICE/App/usbd_cdc_if.o
 .text.CDC_Receive_FS
                0x000000000800d320       0x54 ./USB_DEVICE/App/usbd_cdc_if.o
 .text.CDC_Transmit_FS
                0x000000000800d374       0x4c ./USB_DEVICE/App/usbd_cdc_if.o
                0x000000000800d374                CDC_Transmit_FS
 .text.CDC_TransmitCplt_FS
                0x000000000800d3c0       0x22 ./USB_DEVICE/App/usbd_cdc_if.o
 *fill*         0x000000000800d3e2        0x2 
 .text.USBD_FS_DeviceDescriptor
                0x000000000800d3e4       0x24 ./USB_DEVICE/App/usbd_desc.o
                0x000000000800d3e4                USBD_FS_DeviceDescriptor
 .text.USBD_FS_LangIDStrDescriptor
                0x000000000800d408       0x24 ./USB_DEVICE/App/usbd_desc.o
                0x000000000800d408                USBD_FS_LangIDStrDescriptor
 .text.USBD_FS_ProductStrDescriptor
                0x000000000800d42c       0x3c ./USB_DEVICE/App/usbd_desc.o
                0x000000000800d42c                USBD_FS_ProductStrDescriptor
 .text.USBD_FS_ManufacturerStrDescriptor
                0x000000000800d468       0x28 ./USB_DEVICE/App/usbd_desc.o
                0x000000000800d468                USBD_FS_ManufacturerStrDescriptor
 .text.USBD_FS_SerialStrDescriptor
                0x000000000800d490       0x24 ./USB_DEVICE/App/usbd_desc.o
                0x000000000800d490                USBD_FS_SerialStrDescriptor
 .text.USBD_FS_ConfigStrDescriptor
                0x000000000800d4b4       0x3c ./USB_DEVICE/App/usbd_desc.o
                0x000000000800d4b4                USBD_FS_ConfigStrDescriptor
 .text.USBD_FS_InterfaceStrDescriptor
                0x000000000800d4f0       0x3c ./USB_DEVICE/App/usbd_desc.o
                0x000000000800d4f0                USBD_FS_InterfaceStrDescriptor
 .text.Get_SerialNum
                0x000000000800d52c       0x58 ./USB_DEVICE/App/usbd_desc.o
 .text.IntToUnicode
                0x000000000800d584       0x7e ./USB_DEVICE/App/usbd_desc.o
 *fill*         0x000000000800d602        0x2 
 .text.HAL_PCD_MspInit
                0x000000000800d604       0xa8 ./USB_DEVICE/Target/usbd_conf.o
                0x000000000800d604                HAL_PCD_MspInit
 .text.HAL_PCD_SetupStageCallback
                0x000000000800d6ac       0x24 ./USB_DEVICE/Target/usbd_conf.o
                0x000000000800d6ac                HAL_PCD_SetupStageCallback
 .text.HAL_PCD_DataOutStageCallback
                0x000000000800d6d0       0x36 ./USB_DEVICE/Target/usbd_conf.o
                0x000000000800d6d0                HAL_PCD_DataOutStageCallback
 .text.HAL_PCD_DataInStageCallback
                0x000000000800d706       0x34 ./USB_DEVICE/Target/usbd_conf.o
                0x000000000800d706                HAL_PCD_DataInStageCallback
 .text.HAL_PCD_SOFCallback
                0x000000000800d73a       0x1c ./USB_DEVICE/Target/usbd_conf.o
                0x000000000800d73a                HAL_PCD_SOFCallback
 .text.HAL_PCD_ResetCallback
                0x000000000800d756       0x3c ./USB_DEVICE/Target/usbd_conf.o
                0x000000000800d756                HAL_PCD_ResetCallback
 *fill*         0x000000000800d792        0x2 
 .text.HAL_PCD_SuspendCallback
                0x000000000800d794       0x4c ./USB_DEVICE/Target/usbd_conf.o
                0x000000000800d794                HAL_PCD_SuspendCallback
 .text.HAL_PCD_ResumeCallback
                0x000000000800d7e0       0x1c ./USB_DEVICE/Target/usbd_conf.o
                0x000000000800d7e0                HAL_PCD_ResumeCallback
 .text.HAL_PCD_ISOOUTIncompleteCallback
                0x000000000800d7fc       0x24 ./USB_DEVICE/Target/usbd_conf.o
                0x000000000800d7fc                HAL_PCD_ISOOUTIncompleteCallback
 .text.HAL_PCD_ISOINIncompleteCallback
                0x000000000800d820       0x24 ./USB_DEVICE/Target/usbd_conf.o
                0x000000000800d820                HAL_PCD_ISOINIncompleteCallback
 .text.HAL_PCD_ConnectCallback
                0x000000000800d844       0x1c ./USB_DEVICE/Target/usbd_conf.o
                0x000000000800d844                HAL_PCD_ConnectCallback
 .text.HAL_PCD_DisconnectCallback
                0x000000000800d860       0x1c ./USB_DEVICE/Target/usbd_conf.o
                0x000000000800d860                HAL_PCD_DisconnectCallback
 .text.USBD_LL_Init
                0x000000000800d87c       0x98 ./USB_DEVICE/Target/usbd_conf.o
                0x000000000800d87c                USBD_LL_Init
 .text.USBD_LL_Start
                0x000000000800d914       0x36 ./USB_DEVICE/Target/usbd_conf.o
                0x000000000800d914                USBD_LL_Start
 .text.USBD_LL_OpenEP
                0x000000000800d94a       0x4c ./USB_DEVICE/Target/usbd_conf.o
                0x000000000800d94a                USBD_LL_OpenEP
 .text.USBD_LL_CloseEP
                0x000000000800d996       0x3e ./USB_DEVICE/Target/usbd_conf.o
                0x000000000800d996                USBD_LL_CloseEP
 .text.USBD_LL_StallEP
                0x000000000800d9d4       0x3e ./USB_DEVICE/Target/usbd_conf.o
                0x000000000800d9d4                USBD_LL_StallEP
 .text.USBD_LL_ClearStallEP
                0x000000000800da12       0x3e ./USB_DEVICE/Target/usbd_conf.o
                0x000000000800da12                USBD_LL_ClearStallEP
 .text.USBD_LL_IsStallEP
                0x000000000800da50       0x58 ./USB_DEVICE/Target/usbd_conf.o
                0x000000000800da50                USBD_LL_IsStallEP
 .text.USBD_LL_SetUSBAddress
                0x000000000800daa8       0x3e ./USB_DEVICE/Target/usbd_conf.o
                0x000000000800daa8                USBD_LL_SetUSBAddress
 .text.USBD_LL_Transmit
                0x000000000800dae6       0x42 ./USB_DEVICE/Target/usbd_conf.o
                0x000000000800dae6                USBD_LL_Transmit
 .text.USBD_LL_PrepareReceive
                0x000000000800db28       0x42 ./USB_DEVICE/Target/usbd_conf.o
                0x000000000800db28                USBD_LL_PrepareReceive
 .text.USBD_LL_GetRxDataSize
                0x000000000800db6a       0x26 ./USB_DEVICE/Target/usbd_conf.o
                0x000000000800db6a                USBD_LL_GetRxDataSize
 .text.USBD_static_malloc
                0x000000000800db90       0x1c ./USB_DEVICE/Target/usbd_conf.o
                0x000000000800db90                USBD_static_malloc
 .text.USBD_static_free
                0x000000000800dbac       0x14 ./USB_DEVICE/Target/usbd_conf.o
                0x000000000800dbac                USBD_static_free
 .text.USBD_Get_USB_Status
                0x000000000800dbc0       0x58 ./USB_DEVICE/Target/usbd_conf.o
                0x000000000800dbc0                USBD_Get_USB_Status
 .text.__errno  0x000000000800dc18        0xc c:/st/stm32cubeide_1.12.1/stm32cubeide/plugins/com.st.stm32cube.ide.mcu.externaltools.gnu-tools-for-stm32.10.3-2021.10.win32_1.0.200.202301161003/tools/bin/../lib/gcc/arm-none-eabi/10.3.1/../../../../arm-none-eabi/lib/thumb/v7e-m+fp/hard\libc_nano.a(lib_a-errno.o)
                0x000000000800dc18                __errno
 .text.__libc_init_array
                0x000000000800dc24       0x48 c:/st/stm32cubeide_1.12.1/stm32cubeide/plugins/com.st.stm32cube.ide.mcu.externaltools.gnu-tools-for-stm32.10.3-2021.10.win32_1.0.200.202301161003/tools/bin/../lib/gcc/arm-none-eabi/10.3.1/../../../../arm-none-eabi/lib/thumb/v7e-m+fp/hard\libc_nano.a(lib_a-init.o)
                0x000000000800dc24                __libc_init_array
 .text.__retarget_lock_acquire_recursive
                0x000000000800dc6c        0x2 c:/st/stm32cubeide_1.12.1/stm32cubeide/plugins/com.st.stm32cube.ide.mcu.externaltools.gnu-tools-for-stm32.10.3-2021.10.win32_1.0.200.202301161003/tools/bin/../lib/gcc/arm-none-eabi/10.3.1/../../../../arm-none-eabi/lib/thumb/v7e-m+fp/hard\libc_nano.a(lib_a-lock.o)
                0x000000000800dc6c                __retarget_lock_acquire_recursive
 .text.__retarget_lock_release_recursive
                0x000000000800dc6e        0x2 c:/st/stm32cubeide_1.12.1/stm32cubeide/plugins/com.st.stm32cube.ide.mcu.externaltools.gnu-tools-for-stm32.10.3-2021.10.win32_1.0.200.202301161003/tools/bin/../lib/gcc/arm-none-eabi/10.3.1/../../../../arm-none-eabi/lib/thumb/v7e-m+fp/hard\libc_nano.a(lib_a-lock.o)
                0x000000000800dc6e                __retarget_lock_release_recursive
 .text.memcpy   0x000000000800dc70       0x1c c:/st/stm32cubeide_1.12.1/stm32cubeide/plugins/com.st.stm32cube.ide.mcu.externaltools.gnu-tools-for-stm32.10.3-2021.10.win32_1.0.200.202301161003/tools/bin/../lib/gcc/arm-none-eabi/10.3.1/../../../../arm-none-eabi/lib/thumb/v7e-m+fp/hard\libc_nano.a(lib_a-memcpy-stub.o)
                0x000000000800dc70                memcpy
 .text.memset   0x000000000800dc8c       0x10 c:/st/stm32cubeide_1.12.1/stm32cubeide/plugins/com.st.stm32cube.ide.mcu.externaltools.gnu-tools-for-stm32.10.3-2021.10.win32_1.0.200.202301161003/tools/bin/../lib/gcc/arm-none-eabi/10.3.1/../../../../arm-none-eabi/lib/thumb/v7e-m+fp/hard\libc_nano.a(lib_a-memset.o)
                0x000000000800dc8c                memset
 .text.sbrk_aligned
                0x000000000800dc9c       0x40 c:/st/stm32cubeide_1.12.1/stm32cubeide/plugins/com.st.stm32cube.ide.mcu.externaltools.gnu-tools-for-stm32.10.3-2021.10.win32_1.0.200.202301161003/tools/bin/../lib/gcc/arm-none-eabi/10.3.1/../../../../arm-none-eabi/lib/thumb/v7e-m+fp/hard\libc_nano.a(lib_a-nano-mallocr.o)
 .text._malloc_r
                0x000000000800dcdc       0xe8 c:/st/stm32cubeide_1.12.1/stm32cubeide/plugins/com.st.stm32cube.ide.mcu.externaltools.gnu-tools-for-stm32.10.3-2021.10.win32_1.0.200.202301161003/tools/bin/../lib/gcc/arm-none-eabi/10.3.1/../../../../arm-none-eabi/lib/thumb/v7e-m+fp/hard\libc_nano.a(lib_a-nano-mallocr.o)
                0x000000000800dcdc                _malloc_r
 .text.cleanup_glue
                0x000000000800ddc4       0x1a c:/st/stm32cubeide_1.12.1/stm32cubeide/plugins/com.st.stm32cube.ide.mcu.externaltools.gnu-tools-for-stm32.10.3-2021.10.win32_1.0.200.202301161003/tools/bin/../lib/gcc/arm-none-eabi/10.3.1/../../../../arm-none-eabi/lib/thumb/v7e-m+fp/hard\libc_nano.a(lib_a-reent.o)
                0x000000000800ddc4                cleanup_glue
 *fill*         0x000000000800ddde        0x2 
 .text._reclaim_reent
                0x000000000800dde0       0xb8 c:/st/stm32cubeide_1.12.1/stm32cubeide/plugins/com.st.stm32cube.ide.mcu.externaltools.gnu-tools-for-stm32.10.3-2021.10.win32_1.0.200.202301161003/tools/bin/../lib/gcc/arm-none-eabi/10.3.1/../../../../arm-none-eabi/lib/thumb/v7e-m+fp/hard\libc_nano.a(lib_a-reent.o)
                0x000000000800dde0                _reclaim_reent
 .text._sbrk_r  0x000000000800de98       0x20 c:/st/stm32cubeide_1.12.1/stm32cubeide/plugins/com.st.stm32cube.ide.mcu.externaltools.gnu-tools-for-stm32.10.3-2021.10.win32_1.0.200.202301161003/tools/bin/../lib/gcc/arm-none-eabi/10.3.1/../../../../arm-none-eabi/lib/thumb/v7e-m+fp/hard\libc_nano.a(lib_a-sbrkr.o)
                0x000000000800de98                _sbrk_r
 .text.sprintf  0x000000000800deb8       0x40 c:/st/stm32cubeide_1.12.1/stm32cubeide/plugins/com.st.stm32cube.ide.mcu.externaltools.gnu-tools-for-stm32.10.3-2021.10.win32_1.0.200.202301161003/tools/bin/../lib/gcc/arm-none-eabi/10.3.1/../../../../arm-none-eabi/lib/thumb/v7e-m+fp/hard\libc_nano.a(lib_a-sprintf.o)
                0x000000000800deb8                siprintf
                0x000000000800deb8                sprintf
 .text.__malloc_lock
                0x000000000800def8        0xc c:/st/stm32cubeide_1.12.1/stm32cubeide/plugins/com.st.stm32cube.ide.mcu.externaltools.gnu-tools-for-stm32.10.3-2021.10.win32_1.0.200.202301161003/tools/bin/../lib/gcc/arm-none-eabi/10.3.1/../../../../arm-none-eabi/lib/thumb/v7e-m+fp/hard\libc_nano.a(lib_a-mlock.o)
                0x000000000800def8                __malloc_lock
 .text.__malloc_unlock
                0x000000000800df04        0xc c:/st/stm32cubeide_1.12.1/stm32cubeide/plugins/com.st.stm32cube.ide.mcu.externaltools.gnu-tools-for-stm32.10.3-2021.10.win32_1.0.200.202301161003/tools/bin/../lib/gcc/arm-none-eabi/10.3.1/../../../../arm-none-eabi/lib/thumb/v7e-m+fp/hard\libc_nano.a(lib_a-mlock.o)
                0x000000000800df04                __malloc_unlock
 .text._free_r  0x000000000800df10       0x98 c:/st/stm32cubeide_1.12.1/stm32cubeide/plugins/com.st.stm32cube.ide.mcu.externaltools.gnu-tools-for-stm32.10.3-2021.10.win32_1.0.200.202301161003/tools/bin/../lib/gcc/arm-none-eabi/10.3.1/../../../../arm-none-eabi/lib/thumb/v7e-m+fp/hard\libc_nano.a(lib_a-nano-freer.o)
                0x000000000800df10                _free_r
 .text.__ssputs_r
                0x000000000800dfa8       0xb6 c:/st/stm32cubeide_1.12.1/stm32cubeide/plugins/com.st.stm32cube.ide.mcu.externaltools.gnu-tools-for-stm32.10.3-2021.10.win32_1.0.200.202301161003/tools/bin/../lib/gcc/arm-none-eabi/10.3.1/../../../../arm-none-eabi/lib/thumb/v7e-m+fp/hard\libc_nano.a(lib_a-nano-svfprintf.o)
                0x000000000800dfa8                __ssputs_r
 *fill*         0x000000000800e05e        0x2 
 .text._svfprintf_r
                0x000000000800e060      0x200 c:/st/stm32cubeide_1.12.1/stm32cubeide/plugins/com.st.stm32cube.ide.mcu.externaltools.gnu-tools-for-stm32.10.3-2021.10.win32_1.0.200.202301161003/tools/bin/../lib/gcc/arm-none-eabi/10.3.1/../../../../arm-none-eabi/lib/thumb/v7e-m+fp/hard\libc_nano.a(lib_a-nano-svfprintf.o)
                0x000000000800e060                _svfiprintf_r
                0x000000000800e060                _svfprintf_r
 .text._printf_common
                0x000000000800e260       0xda c:/st/stm32cubeide_1.12.1/stm32cubeide/plugins/com.st.stm32cube.ide.mcu.externaltools.gnu-tools-for-stm32.10.3-2021.10.win32_1.0.200.202301161003/tools/bin/../lib/gcc/arm-none-eabi/10.3.1/../../../../arm-none-eabi/lib/thumb/v7e-m+fp/hard\libc_nano.a(lib_a-nano-vfprintf_i.o)
                0x000000000800e260                _printf_common
 *fill*         0x000000000800e33a        0x2 
 .text._printf_i
                0x000000000800e33c      0x24c c:/st/stm32cubeide_1.12.1/stm32cubeide/plugins/com.st.stm32cube.ide.mcu.externaltools.gnu-tools-for-stm32.10.3-2021.10.win32_1.0.200.202301161003/tools/bin/../lib/gcc/arm-none-eabi/10.3.1/../../../../arm-none-eabi/lib/thumb/v7e-m+fp/hard\libc_nano.a(lib_a-nano-vfprintf_i.o)
                0x000000000800e33c                _printf_i
 .text.memmove  0x000000000800e588       0x34 c:/st/stm32cubeide_1.12.1/stm32cubeide/plugins/com.st.stm32cube.ide.mcu.externaltools.gnu-tools-for-stm32.10.3-2021.10.win32_1.0.200.202301161003/tools/bin/../lib/gcc/arm-none-eabi/10.3.1/../../../../arm-none-eabi/lib/thumb/v7e-m+fp/hard\libc_nano.a(lib_a-memmove.o)
                0x000000000800e588                memmove
 .text._realloc_r
                0x000000000800e5bc       0x5e c:/st/stm32cubeide_1.12.1/stm32cubeide/plugins/com.st.stm32cube.ide.mcu.externaltools.gnu-tools-for-stm32.10.3-2021.10.win32_1.0.200.202301161003/tools/bin/../lib/gcc/arm-none-eabi/10.3.1/../../../../arm-none-eabi/lib/thumb/v7e-m+fp/hard\libc_nano.a(lib_a-nano-reallocr.o)
                0x000000000800e5bc                _realloc_r
 .text._malloc_usable_size_r
                0x000000000800e61a       0x10 c:/st/stm32cubeide_1.12.1/stm32cubeide/plugins/com.st.stm32cube.ide.mcu.externaltools.gnu-tools-for-stm32.10.3-2021.10.win32_1.0.200.202301161003/tools/bin/../lib/gcc/arm-none-eabi/10.3.1/../../../../arm-none-eabi/lib/thumb/v7e-m+fp/hard\libc_nano.a(lib_a-nano-msizer.o)
                0x000000000800e61a                _malloc_usable_size_r
 *(.glue_7)
 .glue_7        0x000000000800e62a        0x0 linker stubs
 *(.glue_7t)
 .glue_7t       0x000000000800e62a        0x0 linker stubs
 *(.eh_frame)
 *fill*         0x000000000800e62a        0x2 
 .eh_frame      0x000000000800e62c        0x0 c:/st/stm32cubeide_1.12.1/stm32cubeide/plugins/com.st.stm32cube.ide.mcu.externaltools.gnu-tools-for-stm32.10.3-2021.10.win32_1.0.200.202301161003/tools/bin/../lib/gcc/arm-none-eabi/10.3.1/thumb/v7e-m+fp/hard/crtbegin.o
 *(.init)
 .init          0x000000000800e62c        0x4 c:/st/stm32cubeide_1.12.1/stm32cubeide/plugins/com.st.stm32cube.ide.mcu.externaltools.gnu-tools-for-stm32.10.3-2021.10.win32_1.0.200.202301161003/tools/bin/../lib/gcc/arm-none-eabi/10.3.1/thumb/v7e-m+fp/hard/crti.o
                0x000000000800e62c                _init
 .init          0x000000000800e630        0x8 c:/st/stm32cubeide_1.12.1/stm32cubeide/plugins/com.st.stm32cube.ide.mcu.externaltools.gnu-tools-for-stm32.10.3-2021.10.win32_1.0.200.202301161003/tools/bin/../lib/gcc/arm-none-eabi/10.3.1/thumb/v7e-m+fp/hard/crtn.o
 *(.fini)
 .fini          0x000000000800e638        0x4 c:/st/stm32cubeide_1.12.1/stm32cubeide/plugins/com.st.stm32cube.ide.mcu.externaltools.gnu-tools-for-stm32.10.3-2021.10.win32_1.0.200.202301161003/tools/bin/../lib/gcc/arm-none-eabi/10.3.1/thumb/v7e-m+fp/hard/crti.o
                0x000000000800e638                _fini
 .fini          0x000000000800e63c        0x8 c:/st/stm32cubeide_1.12.1/stm32cubeide/plugins/com.st.stm32cube.ide.mcu.externaltools.gnu-tools-for-stm32.10.3-2021.10.win32_1.0.200.202301161003/tools/bin/../lib/gcc/arm-none-eabi/10.3.1/thumb/v7e-m+fp/hard/crtn.o
                0x000000000800e644                . = ALIGN (0x4)
                0x000000000800e644                _etext = .

.vfp11_veneer   0x000000000800e644        0x0
 .vfp11_veneer  0x000000000800e644        0x0 linker stubs

.v4_bx          0x000000000800e644        0x0
 .v4_bx         0x000000000800e644        0x0 linker stubs

.iplt           0x000000000800e644        0x0
 .iplt          0x000000000800e644        0x0 c:/st/stm32cubeide_1.12.1/stm32cubeide/plugins/com.st.stm32cube.ide.mcu.externaltools.gnu-tools-for-stm32.10.3-2021.10.win32_1.0.200.202301161003/tools/bin/../lib/gcc/arm-none-eabi/10.3.1/thumb/v7e-m+fp/hard/crtbegin.o

.rodata         0x000000000800e644     0x3bd4
                0x000000000800e644                . = ALIGN (0x4)
 *(.rodata)
 .rodata        0x000000000800e644       0x55 ./Core/Src/main.o
 *fill*         0x000000000800e699        0x3 
 .rodata        0x000000000800e69c        0x5 ./Middlewares/Third_Party/FreeRTOS/Source/tasks.o
 *fill*         0x000000000800e6a1        0x3 
 .rodata        0x000000000800e6a4        0xd ./Middlewares/Third_Party/FreeRTOS/Source/timers.o
 *fill*         0x000000000800e6b1        0x3 
 .rodata        0x000000000800e6b4       0x3a ./USB_DEVICE/App/usbd_desc.o
 *(.rodata*)
 *fill*         0x000000000800e6ee        0x2 
 .rodata.Font11x18
                0x000000000800e6f0     0x17a0 ./Core/Src/fonts.o
                0x000000000800e6f0                Font11x18
 .rodata.Font16x26
                0x000000000800fe90     0x2220 ./Core/Src/fonts.o
                0x000000000800fe90                Font16x26
 .rodata.DisplayTask_attributes
                0x00000000080120b0       0x24 ./Core/Src/main.o
                0x00000000080120b0                DisplayTask_attributes
 .rodata.MotorTask_attributes
                0x00000000080120d4       0x24 ./Core/Src/main.o
                0x00000000080120d4                MotorTask_attributes
 .rodata.ADCTask_attributes
                0x00000000080120f8       0x24 ./Core/Src/main.o
                0x00000000080120f8                ADCTask_attributes
 .rodata.USB_attributes
                0x000000000801211c       0x24 ./Core/Src/main.o
                0x000000000801211c                USB_attributes
 .rodata.init_cmds
                0x0000000008012140       0x23 ./Core/Src/st7789.o
 *fill*         0x0000000008012163        0x1 
 .rodata.AHBPrescTable
                0x0000000008012164       0x10 ./Core/Src/system_stm32f4xx.o
                0x0000000008012164                AHBPrescTable
 .rodata.APBPrescTable
                0x0000000008012174        0x8 ./Core/Src/system_stm32f4xx.o
                0x0000000008012174                APBPrescTable
 .rodata.flagBitshiftOffset.0
                0x000000000801217c        0x8 ./Drivers/STM32F4xx_HAL_Driver/Src/stm32f4xx_hal_dma.o
 .rodata.__sf_fake_stderr
                0x0000000008012184       0x20 c:/st/stm32cubeide_1.12.1/stm32cubeide/plugins/com.st.stm32cube.ide.mcu.externaltools.gnu-tools-for-stm32.10.3-2021.10.win32_1.0.200.202301161003/tools/bin/../lib/gcc/arm-none-eabi/10.3.1/../../../../arm-none-eabi/lib/thumb/v7e-m+fp/hard\libc_nano.a(lib_a-findfp.o)
                0x0000000008012184                __sf_fake_stderr
 .rodata.__sf_fake_stdin
                0x00000000080121a4       0x20 c:/st/stm32cubeide_1.12.1/stm32cubeide/plugins/com.st.stm32cube.ide.mcu.externaltools.gnu-tools-for-stm32.10.3-2021.10.win32_1.0.200.202301161003/tools/bin/../lib/gcc/arm-none-eabi/10.3.1/../../../../arm-none-eabi/lib/thumb/v7e-m+fp/hard\libc_nano.a(lib_a-findfp.o)
                0x00000000080121a4                __sf_fake_stdin
 .rodata.__sf_fake_stdout
                0x00000000080121c4       0x20 c:/st/stm32cubeide_1.12.1/stm32cubeide/plugins/com.st.stm32cube.ide.mcu.externaltools.gnu-tools-for-stm32.10.3-2021.10.win32_1.0.200.202301161003/tools/bin/../lib/gcc/arm-none-eabi/10.3.1/../../../../arm-none-eabi/lib/thumb/v7e-m+fp/hard\libc_nano.a(lib_a-findfp.o)
                0x00000000080121c4                __sf_fake_stdout
 .rodata._svfprintf_r.str1.1
                0x00000000080121e4       0x11 c:/st/stm32cubeide_1.12.1/stm32cubeide/plugins/com.st.stm32cube.ide.mcu.externaltools.gnu-tools-for-stm32.10.3-2021.10.win32_1.0.200.202301161003/tools/bin/../lib/gcc/arm-none-eabi/10.3.1/../../../../arm-none-eabi/lib/thumb/v7e-m+fp/hard\libc_nano.a(lib_a-nano-svfprintf.o)
 .rodata._printf_i.str1.1
                0x00000000080121f5       0x22 c:/st/stm32cubeide_1.12.1/stm32cubeide/plugins/com.st.stm32cube.ide.mcu.externaltools.gnu-tools-for-stm32.10.3-2021.10.win32_1.0.200.202301161003/tools/bin/../lib/gcc/arm-none-eabi/10.3.1/../../../../arm-none-eabi/lib/thumb/v7e-m+fp/hard\libc_nano.a(lib_a-nano-vfprintf_i.o)
                0x0000000008012218                . = ALIGN (0x4)
 *fill*         0x0000000008012217        0x1 

.ARM.extab      0x0000000008012218        0x0
                0x0000000008012218                . = ALIGN (0x4)
 *(.ARM.extab* .gnu.linkonce.armextab.*)
                0x0000000008012218                . = ALIGN (0x4)

.ARM            0x0000000008012218        0x8
                0x0000000008012218                . = ALIGN (0x4)
                0x0000000008012218                __exidx_start = .
 *(.ARM.exidx*)
 .ARM.exidx     0x0000000008012218        0x8 c:/st/stm32cubeide_1.12.1/stm32cubeide/plugins/com.st.stm32cube.ide.mcu.externaltools.gnu-tools-for-stm32.10.3-2021.10.win32_1.0.200.202301161003/tools/bin/../lib/gcc/arm-none-eabi/10.3.1/thumb/v7e-m+fp/hard\libgcc.a(_udivmoddi4.o)
                0x0000000008012220                __exidx_end = .
                0x0000000008012220                . = ALIGN (0x4)

.rel.dyn        0x0000000008012220        0x0
 .rel.iplt      0x0000000008012220        0x0 c:/st/stm32cubeide_1.12.1/stm32cubeide/plugins/com.st.stm32cube.ide.mcu.externaltools.gnu-tools-for-stm32.10.3-2021.10.win32_1.0.200.202301161003/tools/bin/../lib/gcc/arm-none-eabi/10.3.1/thumb/v7e-m+fp/hard/crtbegin.o

.preinit_array  0x0000000008012220        0x0
                0x0000000008012220                . = ALIGN (0x4)
                0x0000000008012220                PROVIDE (__preinit_array_start = .)
 *(.preinit_array*)
                0x0000000008012220                PROVIDE (__preinit_array_end = .)
                0x0000000008012220                . = ALIGN (0x4)

.init_array     0x0000000008012220        0x4
                0x0000000008012220                . = ALIGN (0x4)
                0x0000000008012220                PROVIDE (__init_array_start = .)
 *(SORT_BY_NAME(.init_array.*))
 *(.init_array*)
 .init_array    0x0000000008012220        0x4 c:/st/stm32cubeide_1.12.1/stm32cubeide/plugins/com.st.stm32cube.ide.mcu.externaltools.gnu-tools-for-stm32.10.3-2021.10.win32_1.0.200.202301161003/tools/bin/../lib/gcc/arm-none-eabi/10.3.1/thumb/v7e-m+fp/hard/crtbegin.o
                0x0000000008012224                PROVIDE (__init_array_end = .)
                0x0000000008012224                . = ALIGN (0x4)

.fini_array     0x0000000008012224        0x4
                0x0000000008012224                . = ALIGN (0x4)
                [!provide]                        PROVIDE (__fini_array_start = .)
 *(SORT_BY_NAME(.fini_array.*))
 *(.fini_array*)
 .fini_array    0x0000000008012224        0x4 c:/st/stm32cubeide_1.12.1/stm32cubeide/plugins/com.st.stm32cube.ide.mcu.externaltools.gnu-tools-for-stm32.10.3-2021.10.win32_1.0.200.202301161003/tools/bin/../lib/gcc/arm-none-eabi/10.3.1/thumb/v7e-m+fp/hard/crtbegin.o
                [!provide]                        PROVIDE (__fini_array_end = .)
                0x0000000008012228                . = ALIGN (0x4)
                0x0000000008012228                _sidata = LOADADDR (.data)

.data           0x0000000020000000      0x174 load address 0x0000000008012228
                0x0000000020000000                . = ALIGN (0x4)
                0x0000000020000000                _sdata = .
 *(.data)
 *(.data*)
 .data.Font_11x18
                0x0000000020000000        0x8 ./Core/Src/fonts.o