../Core/Src/main.c:114:7:ConvertToTemperature	16	static
../Core/Src/main.c:124:6:setSpeed	16	static
../Core/Src/main.c:131:6:printToDisplay	64	static
../Core/Src/main.c:163:10:getTimer3Frequency	24	static
../Core/Src/main.c:185:5:main	96	static
../Core/Src/main.c:273:6:SystemClock_Config	88	static
../Core/Src/main.c:316:13:MX_ADC1_Init	24	static
../Core/Src/main.c:374:13:MX_CRC_Init	8	static
../Core/Src/main.c:398:13:MX_SPI1_Init	8	static
../Core/Src/main.c:434:13:MX_TIM2_Init	32	static
../Core/Src/main.c:476:13:MX_TIM3_Init	64	static
../Core/Src/main.c:529:13:MX_DMA_Init	16	static
../Core/Src/main.c:549:13:MX_GPIO_Init	48	static
../Core/Src/main.c:612:6:HAL_GPIO_EXTI_Callback	16	static
../Core/Src/main.c:640:6:HAL_TIM_PeriodElapsedCallback	16	static
../Core/Src/main.c:664:6:Error_Handler	4	static,ignoring_inline_asm
