../Core/Src/main.c:97:7:ConvertToTemperature	24	static
../Core/Src/main.c:107:6:setSpeed	16	static
../Core/Src/main.c:114:6:printToDisplay	64	static
../Core/Src/main.c:150:5:main	88	static
../Core/Src/main.c:231:6:SystemClock_Config	88	static
../Core/Src/main.c:274:13:MX_ADC1_Init	24	static
../Core/Src/main.c:332:13:MX_CRC_Init	8	static
../Core/Src/main.c:356:13:MX_SPI1_Init	8	static
../Core/Src/main.c:392:13:MX_TIM2_Init	32	static
../Core/Src/main.c:434:13:MX_TIM3_Init	64	static
../Core/Src/main.c:487:13:MX_DMA_Init	16	static
../Core/Src/main.c:507:13:MX_GPIO_Init	48	static
../Core/Src/main.c:561:6:HAL_GPIO_EXTI_Callback	16	static
../Core/Src/main.c:578:6:HAL_TIM_PeriodElapsedCallback	16	static
../Core/Src/main.c:599:6:Error_Handler	4	static,ignoring_inline_asm
