../Core/Src/st7789.c:63:6:ST7789_Init	8	static
../Core/Src/st7789.c:87:6:ST7789_Select	8	static
../Core/Src/st7789.c:111:6:ST7789_Unselect	8	static
../Core/Src/st7789.c:136:7:ST7789_ExecuteCommandList	24	static
../Core/Src/st7789.c:168:6:ST7789_DrawImage	24	static
../Core/Src/st7789.c:196:6:ST7789_HardReset	8	static
../Core/Src/st7789.c:209:15:ST7789_SendCmd	16	static
../Core/Src/st7789.c:300:15:ST7789_SendData	16	static
../Core/Src/st7789.c:379:15:ST7789_SendDataMASS	16	static
../Core/Src/st7789.c:480:6:ST7789_SleepModeEnter	8	static
../Core/Src/st7789.c:496:6:ST7789_SleepModeExit	8	static
../Core/Src/st7789.c:512:6:ST7789_InversionMode	16	static
../Core/Src/st7789.c:531:6:ST7789_FillScreen	24	static
../Core/Src/st7789.c:541:6:ST7789_Clear	16	static
../Core/Src/st7789.c:551:6:ST7789_FillRect	24	static
../Core/Src/st7789.c:579:6:ST7789_SetWindow	24	static
../Core/Src/st7789.c:598:6:ST7789_RamWrite	24	static
../Core/Src/st7789.c:620:7:ST7789_ColumnSet	16	static
../Core/Src/st7789.c:646:7:ST7789_RowSet	16	static
../Core/Src/st7789.c:672:6:ST7789_SetBL	16	static
../Core/Src/st7789.c:686:6:ST7789_DisplayPower	16	static
../Core/Src/st7789.c:705:6:ST7789_DrawRectangle	32	static
../Core/Src/st7789.c:719:7:SwapInt16Values	24	static
../Core/Src/st7789.c:731:6:ST7789_DrawRectangleFilled	32	static
../Core/Src/st7789.c:749:7:ST7789_DrawLine_Slow	40	static
../Core/Src/st7789.c:783:6:ST7789_DrawLine	32	static
../Core/Src/st7789.c:817:6:ST7789_DrawTriangle	32	static
../Core/Src/st7789.c:829:6:ST7789_DrawFilledTriangle	64	static
../Core/Src/st7789.c:894:6:ST7789_DrawPixel	16	static
../Core/Src/st7789.c:909:6:ST7789_DrawCircleFilled	48	static
../Core/Src/st7789.c:949:6:ST7789_DrawCircle	40	static
../Core/Src/st7789.c:991:6:ST7789_DrawChar	48	static
../Core/Src/st7789.c:1093:6:ST7789_print	48	static
../Core/Src/st7789.c:1160:6:ST7789_rotation	16	static
../Core/Src/st7789.c:1324:6:ST7789_DrawBitmap	32	static
../Core/Src/st7789.c:1352:6:ST7789_DrawFillRoundRect	40	static
../Core/Src/st7789.c:1369:6:ST7789_DrawFillCircleHelper	48	static
../Core/Src/st7789.c:1416:6:ST7789_DrawCircleHelper	40	static
../Core/Src/st7789.c:1458:6:ST7789_DrawRoundRect	40	static
